main.c:202:5:main	8	static
main.c:341:6:SystemClock_Config	152	static
main.c:398:13:MX_I2C1_Init	8	static
main.c:444:13:MX_SPI1_Init	8	static
main.c:484:13:MX_TIM1_Init	104	static
main.c:560:13:MX_USART1_UART_Init	8	static
main.c:610:13:MX_USART2_UART_Init	8	static
main.c:656:13:MX_DMA_Init	16	static
main.c:675:13:MX_GPIO_Init	40	static
main.c:707:6:HAL_UART_RxCpltCallback	16	static
main.c:716:6:RC_check	16	static
main.c:723:6:IMU_check	40	static
main.c:735:6:MAG_check	16	static
main.c:754:6:PWM_check	4	static
main.c:767:6:StartRC	16	static
main.c:800:6:StartIMU	48	static
main.c:819:6:StartCyclicPitch	88	static
main.c:865:6:StartMainLoop	160	static
main.c:889:6:StartMAG	16	static
main.c:909:6:HAL_TIM_PeriodElapsedCallback	16	static
main.c:926:6:Error_Handler	4	static,ignoring_inline_asm
