Archive member included to satisfy reference by file (symbol)

c:/st/stm32cubeide_1.6.0/stm32cubeide/plugins/com.st.stm32cube.ide.mcu.externaltools.gnu-tools-for-stm32.9-2020-q2-update.win32_1.5.0.202011040924/tools/bin/../lib/gcc/arm-none-eabi/9.3.1/../../../../arm-none-eabi/lib/thumb/v7e-m+fp/hard\libc_nano.a(lib_a-errno.o)
                              Core/Src/syscalls.o (__errno)
c:/st/stm32cubeide_1.6.0/stm32cubeide/plugins/com.st.stm32cube.ide.mcu.externaltools.gnu-tools-for-stm32.9-2020-q2-update.win32_1.5.0.202011040924/tools/bin/../lib/gcc/arm-none-eabi/9.3.1/../../../../arm-none-eabi/lib/thumb/v7e-m+fp/hard\libc_nano.a(lib_a-exit.o)
                              c:/st/stm32cubeide_1.6.0/stm32cubeide/plugins/com.st.stm32cube.ide.mcu.externaltools.gnu-tools-for-stm32.9-2020-q2-update.win32_1.5.0.202011040924/tools/bin/../lib/gcc/arm-none-eabi/9.3.1/../../../../arm-none-eabi/lib/thumb/v7e-m+fp/hard/crt0.o (exit)
c:/st/stm32cubeide_1.6.0/stm32cubeide/plugins/com.st.stm32cube.ide.mcu.externaltools.gnu-tools-for-stm32.9-2020-q2-update.win32_1.5.0.202011040924/tools/bin/../lib/gcc/arm-none-eabi/9.3.1/../../../../arm-none-eabi/lib/thumb/v7e-m+fp/hard\libc_nano.a(lib_a-impure.o)
                              c:/st/stm32cubeide_1.6.0/stm32cubeide/plugins/com.st.stm32cube.ide.mcu.externaltools.gnu-tools-for-stm32.9-2020-q2-update.win32_1.5.0.202011040924/tools/bin/../lib/gcc/arm-none-eabi/9.3.1/../../../../arm-none-eabi/lib/thumb/v7e-m+fp/hard\libc_nano.a(lib_a-exit.o) (_global_impure_ptr)
c:/st/stm32cubeide_1.6.0/stm32cubeide/plugins/com.st.stm32cube.ide.mcu.externaltools.gnu-tools-for-stm32.9-2020-q2-update.win32_1.5.0.202011040924/tools/bin/../lib/gcc/arm-none-eabi/9.3.1/../../../../arm-none-eabi/lib/thumb/v7e-m+fp/hard\libc_nano.a(lib_a-init.o)
                              c:/st/stm32cubeide_1.6.0/stm32cubeide/plugins/com.st.stm32cube.ide.mcu.externaltools.gnu-tools-for-stm32.9-2020-q2-update.win32_1.5.0.202011040924/tools/bin/../lib/gcc/arm-none-eabi/9.3.1/../../../../arm-none-eabi/lib/thumb/v7e-m+fp/hard/crt0.o (__libc_init_array)
c:/st/stm32cubeide_1.6.0/stm32cubeide/plugins/com.st.stm32cube.ide.mcu.externaltools.gnu-tools-for-stm32.9-2020-q2-update.win32_1.5.0.202011040924/tools/bin/../lib/gcc/arm-none-eabi/9.3.1/../../../../arm-none-eabi/lib/thumb/v7e-m+fp/hard\libc_nano.a(lib_a-malloc.o)
                              Core/Src/Serial/uart.o (malloc)
c:/st/stm32cubeide_1.6.0/stm32cubeide/plugins/com.st.stm32cube.ide.mcu.externaltools.gnu-tools-for-stm32.9-2020-q2-update.win32_1.5.0.202011040924/tools/bin/../lib/gcc/arm-none-eabi/9.3.1/../../../../arm-none-eabi/lib/thumb/v7e-m+fp/hard\libc_nano.a(lib_a-memcpy-stub.o)
                              Core/Src/main.o (memcpy)
c:/st/stm32cubeide_1.6.0/stm32cubeide/plugins/com.st.stm32cube.ide.mcu.externaltools.gnu-tools-for-stm32.9-2020-q2-update.win32_1.5.0.202011040924/tools/bin/../lib/gcc/arm-none-eabi/9.3.1/../../../../arm-none-eabi/lib/thumb/v7e-m+fp/hard\libc_nano.a(lib_a-memset.o)
                              c:/st/stm32cubeide_1.6.0/stm32cubeide/plugins/com.st.stm32cube.ide.mcu.externaltools.gnu-tools-for-stm32.9-2020-q2-update.win32_1.5.0.202011040924/tools/bin/../lib/gcc/arm-none-eabi/9.3.1/../../../../arm-none-eabi/lib/thumb/v7e-m+fp/hard/crt0.o (memset)
c:/st/stm32cubeide_1.6.0/stm32cubeide/plugins/com.st.stm32cube.ide.mcu.externaltools.gnu-tools-for-stm32.9-2020-q2-update.win32_1.5.0.202011040924/tools/bin/../lib/gcc/arm-none-eabi/9.3.1/../../../../arm-none-eabi/lib/thumb/v7e-m+fp/hard\libc_nano.a(lib_a-nano-freer.o)
                              c:/st/stm32cubeide_1.6.0/stm32cubeide/plugins/com.st.stm32cube.ide.mcu.externaltools.gnu-tools-for-stm32.9-2020-q2-update.win32_1.5.0.202011040924/tools/bin/../lib/gcc/arm-none-eabi/9.3.1/../../../../arm-none-eabi/lib/thumb/v7e-m+fp/hard\libc_nano.a(lib_a-malloc.o) (_free_r)
c:/st/stm32cubeide_1.6.0/stm32cubeide/plugins/com.st.stm32cube.ide.mcu.externaltools.gnu-tools-for-stm32.9-2020-q2-update.win32_1.5.0.202011040924/tools/bin/../lib/gcc/arm-none-eabi/9.3.1/../../../../arm-none-eabi/lib/thumb/v7e-m+fp/hard\libc_nano.a(lib_a-nano-mallocr.o)
                              c:/st/stm32cubeide_1.6.0/stm32cubeide/plugins/com.st.stm32cube.ide.mcu.externaltools.gnu-tools-for-stm32.9-2020-q2-update.win32_1.5.0.202011040924/tools/bin/../lib/gcc/arm-none-eabi/9.3.1/../../../../arm-none-eabi/lib/thumb/v7e-m+fp/hard\libc_nano.a(lib_a-malloc.o) (_malloc_r)
c:/st/stm32cubeide_1.6.0/stm32cubeide/plugins/com.st.stm32cube.ide.mcu.externaltools.gnu-tools-for-stm32.9-2020-q2-update.win32_1.5.0.202011040924/tools/bin/../lib/gcc/arm-none-eabi/9.3.1/../../../../arm-none-eabi/lib/thumb/v7e-m+fp/hard\libc_nano.a(lib_a-sbrkr.o)
[...]
Memory Configuration

Name             Origin             Length             Attributes
RAM              0x0000000020000000 0x0000000000008000 xrw
FLASH            0x0000000008000000 0x0000000000020000 xr
*default*        0x0000000000000000 0xffffffffffffffff

Linker script and memory map

LOAD c:/st/stm32cubeide_1.6.0/stm32cubeide/plugins/com.st.stm32cube.ide.mcu.externaltools.gnu-tools-for-stm32.9-2020-q2-update.win32_1.5.0.202011040924/tools/bin/../lib/gcc/arm-none-eabi/9.3.1/thumb/v7e-m+fp/hard/crti.o
LOAD c:/st/stm32cubeide_1.6.0/stm32cubeide/plugins/com.st.stm32cube.ide.mcu.externaltools.gnu-tools-for-stm32.9-2020-q2-update.win32_1.5.0.202011040924/tools/bin/../lib/gcc/arm-none-eabi/9.3.1/thumb/v7e-m+fp/hard/crtbegin.o
LOAD c:/st/stm32cubeide_1.6.0/stm32cubeide/plugins/com.st.stm32cube.ide.mcu.externaltools.gnu-tools-for-stm32.9-2020-q2-update.win32_1.5.0.202011040924/tools/bin/../lib/gcc/arm-none-eabi/9.3.1/../../../../arm-none-eabi/lib/thumb/v7e-m+fp/hard/crt0.o
LOAD Core/Src/Controller/AttitudeController.o
LOAD Core/Src/Controller/CyclicPitchController.o
LOAD Core/Src/Controller/PID.o
LOAD Core/Src/Math/novus_math.o
LOAD Core/Src/RC/spektrum.o
LOAD Core/Src/Sensor/WT931.o
LOAD Core/Src/Sensor/as5147.o
LOAD Core/Src/Serial/i2c.o
LOAD Core/Src/Serial/spi.o
LOAD Core/Src/Serial/uart.o
LOAD Core/Src/app_freertos.o
LOAD Core/Src/main.o
LOAD Core/Src/stm32g4xx_hal_msp.o
LOAD Core/Src/stm32g4xx_hal_timebase_tim.o
LOAD Core/Src/stm32g4xx_it.o
LOAD Core/Src/syscalls.o
LOAD Core/Src/sysmem.o
LOAD Core/Src/system_stm32g4xx.o
LOAD Core/Src/tmtc/tmtc.o
LOAD Core/Startup/startup_stm32g431kbtx.o
LOAD Drivers/STM32G4xx_HAL_Driver/Src/stm32g4xx_hal.o
LOAD Drivers/STM32G4xx_HAL_Driver/Src/stm32g4xx_hal_cortex.o
LOAD Drivers/STM32G4xx_HAL_Driver/Src/stm32g4xx_hal_dma.o
LOAD Drivers/STM32G4xx_HAL_Driver/Src/stm32g4xx_hal_dma_ex.o
LOAD Drivers/STM32G4xx_HAL_Driver/Src/stm32g4xx_hal_exti.o
LOAD Drivers/STM32G4xx_HAL_Driver/Src/stm32g4xx_hal_flash.o
LOAD Drivers/STM32G4xx_HAL_Driver/Src/stm32g4xx_hal_flash_ex.o
LOAD Drivers/STM32G4xx_HAL_Driver/Src/stm32g4xx_hal_flash_ramfunc.o
LOAD Drivers/STM32G4xx_HAL_Driver/Src/stm32g4xx_hal_gpio.o
LOAD Drivers/STM32G4xx_HAL_Driver/Src/stm32g4xx_hal_i2c.o
LOAD Drivers/STM32G4xx_HAL_Driver/Src/stm32g4xx_hal_i2c_ex.o
LOAD Drivers/STM32G4xx_HAL_Driver/Src/stm32g4xx_hal_pwr.o
LOAD Drivers/STM32G4xx_HAL_Driver/Src/stm32g4xx_hal_pwr_ex.o
LOAD Drivers/STM32G4xx_HAL_Driver/Src/stm32g4xx_hal_rcc.o
LOAD Drivers/STM32G4xx_HAL_Driver/Src/stm32g4xx_hal_rcc_ex.o
LOAD Drivers/STM32G4xx_HAL_Driver/Src/stm32g4xx_hal_spi.o
LOAD Drivers/STM32G4xx_HAL_Driver/Src/stm32g4xx_hal_spi_ex.o
LOAD Drivers/STM32G4xx_HAL_Driver/Src/stm32g4xx_hal_tim.o
LOAD Drivers/STM32G4xx_HAL_Driver/Src/stm32g4xx_hal_tim_ex.o
LOAD Drivers/STM32G4xx_HAL_Driver/Src/stm32g4xx_hal_uart.o
LOAD Drivers/STM32G4xx_HAL_Driver/Src/stm32g4xx_hal_uart_ex.o
LOAD Middlewares/Third_Party/FreeRTOS/Source/CMSIS_RTOS_V2/cmsis_os2.o
LOAD Middlewares/Third_Party/FreeRTOS/Source/croutine.o
LOAD Middlewares/Third_Party/FreeRTOS/Source/event_groups.o
LOAD Middlewares/Third_Party/FreeRTOS/Source/list.o
LOAD Middlewares/Third_Party/FreeRTOS/Source/queue.o
LOAD Middlewares/Third_Party/FreeRTOS/Source/stream_buffer.o
LOAD Middlewares/Third_Party/FreeRTOS/Source/tasks.o
LOAD Middlewares/Third_Party/FreeRTOS/Source/timers.o
LOAD Middlewares/Third_Party/FreeRTOS/Source/portable/GCC/ARM_CM4F/port.o
LOAD Middlewares/Third_Party/FreeRTOS/Source/portable/MemMang/heap_4.o
START GROUP
LOAD c:/st/stm32cubeide_1.6.0/stm32cubeide/plugins/com.st.stm32cube.ide.mcu.externaltools.gnu-tools-for-stm32.9-2020-q2-update.win32_1.5.0.202011040924/tools/bin/../lib/gcc/arm-none-eabi/9.3.1/../../../../arm-none-eabi/lib/thumb/v7e-m+fp/hard\libc_nano.a
LOAD c:/st/stm32cubeide_1.6.0/stm32cubeide/plugins/com.st.stm32cube.ide.mcu.externaltools.gnu-tools-for-stm32.9-2020-q2-update.win32_1.5.0.202011040924/tools/bin/../lib/gcc/arm-none-eabi/9.3.1/../../../../arm-none-eabi/lib/thumb/v7e-m+fp/hard\libm.a
END GROUP
START GROUP
LOAD c:/st/stm32cubeide_1.6.0/stm32cubeide/plugins/com.st.stm32cube.ide.mcu.externaltools.gnu-tools-for-stm32.9-2020-q2-update.win32_1.5.0.202011040924/tools/bin/../lib/gcc/arm-none-eabi/9.3.1/thumb/v7e-m+fp/hard\libgcc.a
LOAD c:/st/stm32cubeide_1.6.0/stm32cubeide/plugins/com.st.stm32cube.ide.mcu.externaltools.gnu-tools-for-stm32.9-2020-q2-update.win32_1.5.0.202011040924/tools/bin/../lib/gcc/arm-none-eabi/9.3.1/../../../../arm-none-eabi/lib/thumb/v7e-m+fp/hard\libc_nano.a
END GROUP
START GROUP
LOAD c:/st/stm32cubeide_1.6.0/stm32cubeide/plugins/com.st.stm32cube.ide.mcu.externaltools.gnu-tools-for-stm32.9-2020-q2-update.win32_1.5.0.202011040924/tools/bin/../lib/gcc/arm-none-eabi/9.3.1/thumb/v7e-m+fp/hard\libgcc.a
LOAD c:/st/stm32cubeide_1.6.0/stm32cubeide/plugins/com.st.stm32cube.ide.mcu.externaltools.gnu-tools-for-stm32.9-2020-q2-update.win32_1.5.0.202011040924/tools/bin/../lib/gcc/arm-none-eabi/9.3.1/../../../../arm-none-eabi/lib/thumb/v7e-m+fp/hard\libc_nano.a
LOAD c:/st/stm32cubeide_1.6.0/stm32cubeide/plugins/com.st.stm32cube.ide.mcu.externaltools.gnu-tools-for-stm32.9-2020-q2-update.win32_1.5.0.202011040924/tools/bin/../lib/gcc/arm-none-eabi/9.3.1/../../../../arm-none-eabi/lib/thumb/v7e-m+fp/hard\libnosys.a
END GROUP
START GROUP
LOAD c:/st/stm32cubeide_1.6.0/stm32cubeide/plugins/com.st.stm32cube.ide.mcu.externaltools.gnu-tools-for-stm32.9-2020-q2-update.win32_1.5.0.202011040924/tools/bin/../lib/gcc/arm-none-eabi/9.3.1/thumb/v7e-m+fp/hard\libgcc.a
LOAD c:/st/stm32cubeide_1.6.0/stm32cubeide/plugins/com.st.stm32cube.ide.mcu.externaltools.gnu-tools-for-stm32.9-2020-q2-update.win32_1.5.0.202011040924/tools/bin/../lib/gcc/arm-none-eabi/9.3.1/../../../../arm-none-eabi/lib/thumb/v7e-m+fp/hard\libc_nano.a
LOAD c:/st/stm32cubeide_1.6.0/stm32cubeide/plugins/com.st.stm32cube.ide.mcu.externaltools.gnu-tools-for-stm32.9-2020-q2-update.win32_1.5.0.202011040924/tools/bin/../lib/gcc/arm-none-eabi/9.3.1/../../../../arm-none-eabi/lib/thumb/v7e-m+fp/hard\libnosys.a
END GROUP
LOAD c:/st/stm32cubeide_1.6.0/stm32cubeide/plugins/com.st.stm32cube.ide.mcu.externaltools.gnu-tools-for-stm32.9-2020-q2-update.win32_1.5.0.202011040924/tools/bin/../lib/gcc/arm-none-eabi/9.3.1/thumb/v7e-m+fp/hard/crtend.o
LOAD c:/st/stm32cubeide_1.6.0/stm32cubeide/plugins/com.st.stm32cube.ide.mcu.externaltools.gnu-tools-for-stm32.9-2020-q2-update.win32_1.5.0.202011040924/tools/bin/../lib/gcc/arm-none-eabi/9.3.1/thumb/v7e-m+fp/hard/crtn.o
                0x0000000020008000                _estack = (ORIGIN (RAM) + LENGTH (RAM))
                0x0000000000000200                _Min_Heap_Size = 0x200
                0x0000000000000400                _Min_Stack_Size = 0x400

.isr_vector     0x0000000008000000      0x1d8
                0x0000000008000000                . = ALIGN (0x4)
 *(.isr_vector)
 .isr_vector    0x0000000008000000      0x1d8 Core/Startup/startup_stm32g431kbtx.o
                0x0000000008000000                g_pfnVectors
                0x00000000080001d8                . = ALIGN (0x4)

.text           0x00000000080001e0     0xdb9c
                0x00000000080001e0                . = ALIGN (0x4)
 *(.text)
 .text          0x00000000080001e0       0x40 c:/st/stm32cubeide_1.6.0/stm32cubeide/plugins/com.st.stm32cube.ide.mcu.externaltools.gnu-tools-for-stm32.9-2020-q2-update.win32_1.5.0.202011040924/tools/bin/../lib/gcc/arm-none-eabi/9.3.1/thumb/v7e-m+fp/hard/crtbegin.o
 .text          0x0000000008000220      0x378 c:/st/stm32cubeide_1.6.0/stm32cubeide/plugins/com.st.stm32cube.ide.mcu.externaltools.gnu-tools-for-stm32.9-2020-q2-update.win32_1.5.0.202011040924/tools/bin/../lib/gcc/arm-none-eabi/9.3.1/thumb/v7e-m+fp/hard\libgcc.a(_arm_addsubdf3.o)
                0x0000000008000220                __aeabi_drsub
                0x0000000008000228                __aeabi_dsub
                0x0000000008000228                __subdf3
                0x000000000800022c                __aeabi_dadd
                0x000000000800022c                __adddf3
                0x00000000080004a4                __floatunsidf
                0x00000000080004a4                __aeabi_ui2d
                0x00000000080004c4                __floatsidf
                0x00000000080004c4                __aeabi_i2d
                0x00000000080004e8                __aeabi_f2d
                0x00000000080004e8                __extendsfdf2
                0x000000000800052c                __floatundidf
                0x000000000800052c                __aeabi_ul2d
                0x000000000800053c                __floatdidf
                0x000000000800053c                __aeabi_l2d
 .text          0x0000000008000598      0x424 c:/st/stm32cubeide_1.6.0/stm32cubeide/plugins/com.st.stm32cube.ide.mcu.externaltools.gnu-tools-for-stm32.9-2020-q2-update.win32_1.5.0.202011040924/tools/bin/../lib/gcc/arm-none-eabi/9.3.1/thumb/v7e-m+fp/hard\libgcc.a(_arm_muldivdf3.o)
                0x0000000008000598                __aeabi_dmul
                0x0000000008000598                __muldf3
                0x00000000080007ec                __divdf3
                0x00000000080007ec                __aeabi_ddiv
 .text          0x00000000080009bc      0x110 c:/st/stm32cubeide_1.6.0/stm32cubeide/plugins/com.st.stm32cube.ide.mcu.externaltools.gnu-tools-for-stm32.9-2020-q2-update.win32_1.5.0.202011040924/tools/bin/../lib/gcc/arm-none-eabi/9.3.1/thumb/v7e-m+fp/hard\libgcc.a(_arm_cmpdf2.o)
                0x00000000080009bc                __gtdf2
                0x00000000080009bc                __gedf2
                0x00000000080009c4                __ltdf2
                0x00000000080009c4                __ledf2
                0x00000000080009cc                __nedf2
                0x00000000080009cc                __eqdf2
                0x00000000080009cc                __cmpdf2
                0x0000000008000a48                __aeabi_cdrcmple
                0x0000000008000a58                __aeabi_cdcmpeq
                0x0000000008000a58                __aeabi_cdcmple
                0x0000000008000a68                __aeabi_dcmpeq
                0x0000000008000a7c                __aeabi_dcmplt
                0x0000000008000a90                __aeabi_dcmple
                0x0000000008000aa4                __aeabi_dcmpge
                0x0000000008000ab8                __aeabi_dcmpgt
 .text          0x0000000008000acc       0x2c c:/st/stm32cubeide_1.6.0/stm32cubeide/plugins/com.st.stm32cube.ide.mcu.externaltools.gnu-tools-for-stm32.9-2020-q2-update.win32_1.5.0.202011040924/tools/bin/../lib/gcc/arm-none-eabi/9.3.1/thumb/v7e-m+fp/hard\libgcc.a(_arm_unorddf2.o)
                0x0000000008000acc                __unorddf2
                0x0000000008000acc                __aeabi_dcmpun
 .text          0x0000000008000af8       0x50 c:/st/stm32cubeide_1.6.0/stm32cubeide/plugins/com.st.stm32cube.ide.mcu.externaltools.gnu-tools-for-stm32.9-2020-q2-update.win32_1.5.0.202011040924/tools/bin/../lib/gcc/arm-none-eabi/9.3.1/thumb/v7e-m+fp/hard\libgcc.a(_arm_fixdfsi.o)
                0x0000000008000af8                __aeabi_d2iz
                0x0000000008000af8                __fixdfsi
 .text          0x0000000008000b48       0xa0 c:/st/stm32cubeide_1.6.0/stm32cubeide/plugins/com.st.stm32cube.ide.mcu.externaltools.gnu-tools-for-stm32.9-2020-q2-update.win32_1.5.0.202011040924/tools/bin/../lib/gcc/arm-none-eabi/9.3.1/thumb/v7e-m+fp/hard\libgcc.a(_arm_truncdfsf2.o)
                0x0000000008000b48                __truncdfsf2
                0x0000000008000b48                __aeabi_d2f
 .text          0x0000000008000be8       0x30 c:/st/stm32cubeide_1.6.0/stm32cubeide/plugins/com.st.stm32cube.ide.mcu.externaltools.gnu-tools-for-stm32.9-2020-q2-update.win32_1.5.0.202011040924/tools/bin/../lib/gcc/arm-none-eabi/9.3.1/thumb/v7e-m+fp/hard\libgcc.a(_aeabi_uldivmod.o)
                0x0000000008000be8                __aeabi_uldivmod
 .text          0x0000000008000c18      0x2c4 c:/st/stm32cubeide_1.6.0/stm32cubeide/plugins/com.st.stm32cube.ide.mcu.externaltools.gnu-tools-for-stm32.9-2020-q2-update.win32_1.5.0.202011040924/tools/bin/../lib/gcc/arm-none-eabi/9.3.1/thumb/v7e-m+fp/hard\libgcc.a(_udivmoddi4.o)
                0x0000000008000c18                __udivmoddi4
 .text          0x0000000008000edc        0x4 c:/st/stm32cubeide_1.6.0/stm32cubeide/plugins/com.st.stm32cube.ide.mcu.externaltools.gnu-tools-for-stm32.9-2020-q2-update.win32_1.5.0.202011040924/tools/bin/../lib/gcc/arm-none-eabi/9.3.1/thumb/v7e-m+fp/hard\libgcc.a(_dvmd_tls.o)
                0x0000000008000edc                __aeabi_idiv0
                0x0000000008000edc                __aeabi_ldiv0
 *(.text*)
 .text.CommandGennerate
                0x0000000008000ee0      0x2ec Core/Src/Controller/AttitudeController.o
                0x0000000008000ee0                CommandGennerate
 .text.setAmplitudeGain
                0x00000000080011cc       0x20 Core/Src/Controller/CyclicPitchController.o
                0x00000000080011cc                setAmplitudeGain
 .text.setShiftGain
                0x00000000080011ec       0x20 Core/Src/Controller/CyclicPitchController.o
                0x00000000080011ec                setShiftGain
 *fill*         0x000000000800120c        0x4 
 .text.setAmplitude
                0x0000000008001210      0x198 Core/Src/Controller/CyclicPitchController.o
                0x0000000008001210                setAmplitude
 .text.setCyclicShift
                0x00000000080013a8      0x194 Core/Src/Controller/CyclicPitchController.o
                0x00000000080013a8                setCyclicShift
 .text.setPIDGain
                0x000000000800153c       0xcc Core/Src/Controller/PID.o
                0x000000000800153c                setPIDGain
 .text.PIDController
                0x0000000008001608      0x404 Core/Src/Controller/PID.o
                0x0000000008001608                PIDController
 .text.map      0x0000000008001a0c       0x6c Core/Src/Math/novus_math.o
                0x0000000008001a0c                map
 .text.Spektrum_Read
                0x0000000008001a78       0x90 Core/Src/RC/spektrum.o
                0x0000000008001a78                Spektrum_Read
 .text.wt931_Init
                0x0000000008001b08       0x28 Core/Src/Sensor/WT931.o
                0x0000000008001b08                wt931_Init
 .text.readIMU  0x0000000008001b30      0x270 Core/Src/Sensor/WT931.o
                0x0000000008001b30                readIMU
 .text.as5147_Init
                0x0000000008001da0       0x4c Core/Src/Sensor/as5147.o
                0x0000000008001da0                as5147_Init
 .text.as5147_setZeroPosition
                0x0000000008001dec       0xdc Core/Src/Sensor/as5147.o
                0x0000000008001dec                as5147_setZeroPosition
 .text.as5147_readPosition
                0x0000000008001ec8       0x64 Core/Src/Sensor/as5147.o
                0x0000000008001ec8                as5147_readPosition
 .text.registerRead
                0x0000000008001f2c       0x50 Core/Src/Sensor/as5147.o
                0x0000000008001f2c                registerRead
 .text.registerWrite
                0x0000000008001f7c       0x80 Core/Src/Sensor/as5147.o
                0x0000000008001f7c                registerWrite
 .text.packCommandFrame
                0x0000000008001ffc       0x56 Core/Src/Sensor/as5147.o
                0x0000000008001ffc                packCommandFrame
 .text.calcParity
                0x0000000008002052       0x52 Core/Src/Sensor/as5147.o
                0x0000000008002052                calcParity
 *fill*         0x00000000080020a4        0x4 
 .text.updatePosition
                0x00000000080020a8       0xe4 Core/Src/Sensor/as5147.o
                0x00000000080020a8                updatePosition
 *fill*         0x000000000800218c        0x4 
 .text.setOffset
                0x0000000008002190       0x5c Core/Src/Sensor/as5147.o
                0x0000000008002190                setOffset
 .text.addI2CChip
                0x00000000080021ec       0x7c Core/Src/Serial/i2c.o
                0x00000000080021ec                addI2CChip
 .text.I2C_read2ByteRegister
                0x0000000008002268       0x64 Core/Src/Serial/i2c.o
                0x0000000008002268                I2C_read2ByteRegister
 .text.addSPIChip
                0x00000000080022cc       0xcc Core/Src/Serial/spi.o
                0x00000000080022cc                addSPIChip
 .text.SPI_read2ByteRegister
                0x0000000008002398       0x90 Core/Src/Serial/spi.o
                0x0000000008002398                SPI_read2ByteRegister
 .text.SPI_write2ByteRegister
                0x0000000008002428       0x94 Core/Src/Serial/spi.o
                0x0000000008002428                SPI_write2ByteRegister
 .text.main     0x00000000080024bc      0x224 Core/Src/main.o
                0x00000000080024bc                main
 .text.SystemClock_Config
                0x00000000080026e0       0xd0 Core/Src/main.o
                0x00000000080026e0                SystemClock_Config
 .text.MX_I2C1_Init
                0x00000000080027b0       0x80 Core/Src/main.o
 .text.MX_SPI1_Init
                0x0000000008002830       0x7c Core/Src/main.o
 .text.MX_TIM1_Init
                0x00000000080028ac      0x140 Core/Src/main.o
 .text.MX_USART1_UART_Init
                0x00000000080029ec       0xa8 Core/Src/main.o
 .text.MX_USART2_UART_Init
                0x0000000008002a94       0x98 Core/Src/main.o
 .text.MX_DMA_Init
                0x0000000008002b2c       0x54 Core/Src/main.o
 .text.MX_GPIO_Init
                0x0000000008002b80       0xac Core/Src/main.o
 .text.HAL_UART_RxCpltCallback
                0x0000000008002c2c       0x34 Core/Src/main.o
                0x0000000008002c2c                HAL_UART_RxCpltCallback
 .text.RC_check
                0x0000000008002c60       0x3c Core/Src/main.o
                0x0000000008002c60                RC_check
 .text.IMU_check
                0x0000000008002c9c       0x58 Core/Src/main.o
                0x0000000008002c9c                IMU_check
 *fill*         0x0000000008002cf4        0x4 
 .text.MAG_check
                0x0000000008002cf8       0xe8 Core/Src/main.o
                0x0000000008002cf8                MAG_check
 .text.PWM_check
                0x0000000008002de0       0x28 Core/Src/main.o
                0x0000000008002de0                PWM_check
 .text.StartRC  0x0000000008002e08      0x16c Core/Src/main.o
                0x0000000008002e08                StartRC
 .text.StartIMU
                0x0000000008002f74       0x30 Core/Src/main.o
                0x0000000008002f74                StartIMU
 .text.StartCyclicPitch
                0x0000000008002fa4      0x22c Core/Src/main.o
                0x0000000008002fa4                StartCyclicPitch
 .text.StartMainLoop
                0x00000000080031d0       0xcc Core/Src/main.o
                0x00000000080031d0                StartMainLoop
 .text.StartMAG
                0x000000000800329c       0x1c Core/Src/main.o
                0x000000000800329c                StartMAG
 .text.HAL_TIM_PeriodElapsedCallback
                0x00000000080032b8       0x1e Core/Src/main.o
                0x00000000080032b8                HAL_TIM_PeriodElapsedCallback
 .text.Error_Handler
                0x00000000080032d6        0xa Core/Src/main.o
                0x00000000080032d6                Error_Handler
 .text.HAL_MspInit
                0x00000000080032e0       0x54 Core/Src/stm32g4xx_hal_msp.o
                0x00000000080032e0                HAL_MspInit
 .text.HAL_I2C_MspInit
                0x0000000008003334       0xc4 Core/Src/stm32g4xx_hal_msp.o
                0x0000000008003334                HAL_I2C_MspInit
 .text.HAL_SPI_MspInit
                0x00000000080033f8       0x84 Core/Src/stm32g4xx_hal_msp.o
                0x00000000080033f8                HAL_SPI_MspInit
 .text.HAL_TIM_PWM_MspInit
                0x000000000800347c       0x40 Core/Src/stm32g4xx_hal_msp.o
                0x000000000800347c                HAL_TIM_PWM_MspInit
 .text.HAL_TIM_MspPostInit
                0x00000000080034bc       0x70 Core/Src/stm32g4xx_hal_msp.o
                0x00000000080034bc                HAL_TIM_MspPostInit
 .text.HAL_UART_MspInit
                0x000000000800352c      0x180 Core/Src/stm32g4xx_hal_msp.o
                0x000000000800352c                HAL_UART_MspInit
 .text.HAL_InitTick
                0x00000000080036ac       0xdc Core/Src/stm32g4xx_hal_timebase_tim.o
                0x00000000080036ac                HAL_InitTick
 .text.NMI_Handler
                0x0000000008003788        0x6 Core/Src/stm32g4xx_it.o
                0x0000000008003788                NMI_Handler
 .text.HardFault_Handler
                0x000000000800378e        0x6 Core/Src/stm32g4xx_it.o
                0x000000000800378e                HardFault_Handler
 .text.MemManage_Handler
                0x0000000008003794        0x6 Core/Src/stm32g4xx_it.o
                0x0000000008003794                MemManage_Handler
 .text.BusFault_Handler
                0x000000000800379a        0x6 Core/Src/stm32g4xx_it.o
                0x000000000800379a                BusFault_Handler
 .text.UsageFault_Handler
                0x00000000080037a0        0x6 Core/Src/stm32g4xx_it.o
                0x00000000080037a0                UsageFault_Handler
 .text.DebugMon_Handler
                0x00000000080037a6        0xe Core/Src/stm32g4xx_it.o
                0x00000000080037a6                DebugMon_Handler
 .text.DMA1_Channel1_IRQHandler
                0x00000000080037b4       0x14 Core/Src/stm32g4xx_it.o
                0x00000000080037b4                DMA1_Channel1_IRQHandler
 .text.TIM2_IRQHandler
                0x00000000080037c8       0x14 Core/Src/stm32g4xx_it.o
                0x00000000080037c8                TIM2_IRQHandler
 .text.SystemInit
                0x00000000080037dc       0x24 Core/Src/system_stm32g4xx.o
                0x00000000080037dc                SystemInit
 .text.Reset_Handler
                0x0000000008003800       0x50 Core/Startup/startup_stm32g431kbtx.o
                0x0000000008003800                Reset_Handler
 .text.Default_Handler
                0x0000000008003850        0x2 Core/Startup/startup_stm32g431kbtx.o
                0x0000000008003850                RTC_Alarm_IRQHandler
                0x0000000008003850                EXTI2_IRQHandler
                0x0000000008003850                TIM8_TRG_COM_IRQHandler
                0x0000000008003850                TIM8_CC_IRQHandler
                0x0000000008003850                TIM1_CC_IRQHandler
                0x0000000008003850                USB_HP_IRQHandler
                0x0000000008003850                CORDIC_IRQHandler
                0x0000000008003850                EXTI3_IRQHandler
                0x0000000008003850                I2C3_ER_IRQHandler
                0x0000000008003850                EXTI0_IRQHandler
                0x0000000008003850                I2C2_EV_IRQHandler
                0x0000000008003850                FPU_IRQHandler
                0x0000000008003850                FDCAN1_IT1_IRQHandler
                0x0000000008003850                TIM1_UP_TIM16_IRQHandler
                0x0000000008003850                ADC1_2_IRQHandler
                0x0000000008003850                SPI1_IRQHandler
                0x0000000008003850                TIM6_DAC_IRQHandler
                0x0000000008003850                TIM8_UP_IRQHandler
                0x0000000008003850                DMA2_Channel2_IRQHandler
                0x0000000008003850                DMA1_Channel4_IRQHandler
                0x0000000008003850                USART3_IRQHandler
                0x0000000008003850                TIM4_IRQHandler
                0x0000000008003850                DMA2_Channel1_IRQHandler
                0x0000000008003850                I2C1_EV_IRQHandler
                0x0000000008003850                DMA1_Channel6_IRQHandler
                0x0000000008003850                UART4_IRQHandler
                0x0000000008003850                DMA2_Channel4_IRQHandler
                0x0000000008003850                TIM3_IRQHandler
                0x0000000008003850                RCC_IRQHandler
                0x0000000008003850                Default_Handler
                0x0000000008003850                RTC_TAMP_LSECSS_IRQHandler
                0x0000000008003850                FMAC_IRQHandler
                0x0000000008003850                EXTI15_10_IRQHandler
                0x0000000008003850                TIM7_IRQHandler
                0x0000000008003850                UCPD1_IRQHandler
                0x0000000008003850                I2C3_EV_IRQHandler
                0x0000000008003850                EXTI9_5_IRQHandler
                0x0000000008003850                RTC_WKUP_IRQHandler
                0x0000000008003850                PVD_PVM_IRQHandler
                0x0000000008003850                SPI2_IRQHandler
                0x0000000008003850                DMA2_Channel5_IRQHandler
                0x0000000008003850                CRS_IRQHandler
                0x0000000008003850                DMA1_Channel5_IRQHandler
                0x0000000008003850                USB_LP_IRQHandler
                0x0000000008003850                EXTI4_IRQHandler
                0x0000000008003850                RNG_IRQHandler
                0x0000000008003850                TIM1_TRG_COM_TIM17_IRQHandler
                0x0000000008003850                DMA1_Channel3_IRQHandler
                0x0000000008003850                WWDG_IRQHandler
                0x0000000008003850                LPUART1_IRQHandler
                0x0000000008003850                DMA2_Channel6_IRQHandler
                0x0000000008003850                FDCAN1_IT0_IRQHandler
                0x0000000008003850                COMP1_2_3_IRQHandler
                0x0000000008003850                EXTI1_IRQHandler
                0x0000000008003850                USART2_IRQHandler
                0x0000000008003850                I2C2_ER_IRQHandler
                0x0000000008003850                DMA1_Channel2_IRQHandler
                0x0000000008003850                TIM8_BRK_IRQHandler
                0x0000000008003850                FLASH_IRQHandler
                0x0000000008003850                USART1_IRQHandler
                0x0000000008003850                SPI3_IRQHandler
                0x0000000008003850                I2C1_ER_IRQHandler
                0x0000000008003850                LPTIM1_IRQHandler
                0x0000000008003850                DMAMUX_OVR_IRQHandler
                0x0000000008003850                USBWakeUp_IRQHandler
                0x0000000008003850                SAI1_IRQHandler
                0x0000000008003850                DMA2_Channel3_IRQHandler
                0x0000000008003850                COMP4_IRQHandler
                0x0000000008003850                TIM1_BRK_TIM15_IRQHandler
 .text.HAL_Init
                0x0000000008003852       0x30 Drivers/STM32G4xx_HAL_Driver/Src/stm32g4xx_hal.o
                0x0000000008003852                HAL_Init
 *fill*         0x0000000008003882        0x2 
 .text.HAL_IncTick
                0x0000000008003884       0x24 Drivers/STM32G4xx_HAL_Driver/Src/stm32g4xx_hal.o
                0x0000000008003884                HAL_IncTick
 .text.HAL_GetTick
                0x00000000080038a8       0x18 Drivers/STM32G4xx_HAL_Driver/Src/stm32g4xx_hal.o
                0x00000000080038a8                HAL_GetTick
 .text.HAL_Delay
                0x00000000080038c0       0x44 Drivers/STM32G4xx_HAL_Driver/Src/stm32g4xx_hal.o
                0x00000000080038c0                HAL_Delay
 .text.__NVIC_SetPriorityGrouping
                0x0000000008003904       0x48 Drivers/STM32G4xx_HAL_Driver/Src/stm32g4xx_hal_cortex.o
 .text.__NVIC_GetPriorityGrouping
                0x000000000800394c       0x1c Drivers/STM32G4xx_HAL_Driver/Src/stm32g4xx_hal_cortex.o
 .text.__NVIC_EnableIRQ
                0x0000000008003968       0x3c Drivers/STM32G4xx_HAL_Driver/Src/stm32g4xx_hal_cortex.o
 .text.__NVIC_SetPriority
                0x00000000080039a4       0x54 Drivers/STM32G4xx_HAL_Driver/Src/stm32g4xx_hal_cortex.o
 .text.NVIC_EncodePriority
                0x00000000080039f8       0x66 Drivers/STM32G4xx_HAL_Driver/Src/stm32g4xx_hal_cortex.o
 .text.HAL_NVIC_SetPriorityGrouping
                0x0000000008003a5e       0x16 Drivers/STM32G4xx_HAL_Driver/Src/stm32g4xx_hal_cortex.o
                0x0000000008003a5e                HAL_NVIC_SetPriorityGrouping
 .text.HAL_NVIC_SetPriority
                0x0000000008003a74       0x34 Drivers/STM32G4xx_HAL_Driver/Src/stm32g4xx_hal_cortex.o
                0x0000000008003a74                HAL_NVIC_SetPriority
 .text.HAL_NVIC_EnableIRQ
                0x0000000008003aa8       0x1c Drivers/STM32G4xx_HAL_Driver/Src/stm32g4xx_hal_cortex.o
                0x0000000008003aa8                HAL_NVIC_EnableIRQ
 .text.HAL_DMA_Init
                0x0000000008003ac4      0x150 Drivers/STM32G4xx_HAL_Driver/Src/stm32g4xx_hal_dma.o
                0x0000000008003ac4                HAL_DMA_Init
 .text.HAL_DMA_Start_IT
                0x0000000008003c14       0xf6 Drivers/STM32G4xx_HAL_Driver/Src/stm32g4xx_hal_dma.o
                0x0000000008003c14                HAL_DMA_Start_IT
 .text.HAL_DMA_IRQHandler
                0x0000000008003d0a      0x15e Drivers/STM32G4xx_HAL_Driver/Src/stm32g4xx_hal_dma.o
                0x0000000008003d0a                HAL_DMA_IRQHandler
 .text.DMA_SetConfig
                0x0000000008003e68       0x7c Drivers/STM32G4xx_HAL_Driver/Src/stm32g4xx_hal_dma.o
 .text.DMA_CalcDMAMUXChannelBaseAndMask
                0x0000000008003ee4       0x7c Drivers/STM32G4xx_HAL_Driver/Src/stm32g4xx_hal_dma.o
 .text.DMA_CalcDMAMUXRequestGenBaseAndMask
                0x0000000008003f60       0x48 Drivers/STM32G4xx_HAL_Driver/Src/stm32g4xx_hal_dma.o
 .text.HAL_GPIO_Init
                0x0000000008003fa8      0x304 Drivers/STM32G4xx_HAL_Driver/Src/stm32g4xx_hal_gpio.o
                0x0000000008003fa8                HAL_GPIO_Init
 .text.HAL_GPIO_WritePin
                0x00000000080042ac       0x30 Drivers/STM32G4xx_HAL_Driver/Src/stm32g4xx_hal_gpio.o
                0x00000000080042ac                HAL_GPIO_WritePin
 .text.HAL_I2C_Init
                0x00000000080042dc      0x11e Drivers/STM32G4xx_HAL_Driver/Src/stm32g4xx_hal_i2c.o
                0x00000000080042dc                HAL_I2C_Init
 *fill*         0x00000000080043fa        0x2 
 .text.HAL_I2C_Mem_Read
                0x00000000080043fc      0x234 Drivers/STM32G4xx_HAL_Driver/Src/stm32g4xx_hal_i2c.o
                0x00000000080043fc                HAL_I2C_Mem_Read
 .text.I2C_RequestMemoryRead
                0x0000000008004630       0xa8 Drivers/STM32G4xx_HAL_Driver/Src/stm32g4xx_hal_i2c.o
 .text.I2C_Flush_TXDR
                0x00000000080046d8       0x48 Drivers/STM32G4xx_HAL_Driver/Src/stm32g4xx_hal_i2c.o
 .text.I2C_WaitOnFlagUntilTimeout
                0x0000000008004720       0x80 Drivers/STM32G4xx_HAL_Driver/Src/stm32g4xx_hal_i2c.o
 .text.I2C_WaitOnTXISFlagUntilTimeout
                0x00000000080047a0       0x80 Drivers/STM32G4xx_HAL_Driver/Src/stm32g4xx_hal_i2c.o
 .text.I2C_WaitOnSTOPFlagUntilTimeout
                0x0000000008004820       0x78 Drivers/STM32G4xx_HAL_Driver/Src/stm32g4xx_hal_i2c.o
 .text.I2C_IsAcknowledgeFailed
                0x0000000008004898       0xcc Drivers/STM32G4xx_HAL_Driver/Src/stm32g4xx_hal_i2c.o
 .text.I2C_TransferConfig
                0x0000000008004964       0x5c Drivers/STM32G4xx_HAL_Driver/Src/stm32g4xx_hal_i2c.o
 .text.HAL_I2CEx_ConfigAnalogFilter
                0x00000000080049c0       0x96 Drivers/STM32G4xx_HAL_Driver/Src/stm32g4xx_hal_i2c_ex.o
                0x00000000080049c0                HAL_I2CEx_ConfigAnalogFilter
 .text.HAL_I2CEx_ConfigDigitalFilter
                0x0000000008004a56       0x98 Drivers/STM32G4xx_HAL_Driver/Src/stm32g4xx_hal_i2c_ex.o
                0x0000000008004a56                HAL_I2CEx_ConfigDigitalFilter
 *fill*         0x0000000008004aee        0x2 
 .text.HAL_PWREx_ControlVoltageScaling
                0x0000000008004af0      0x148 Drivers/STM32G4xx_HAL_Driver/Src/stm32g4xx_hal_pwr_ex.o
                0x0000000008004af0                HAL_PWREx_ControlVoltageScaling
 .text.HAL_PWREx_DisableUCPDDeadBattery
                0x0000000008004c38       0x20 Drivers/STM32G4xx_HAL_Driver/Src/stm32g4xx_hal_pwr_ex.o
                0x0000000008004c38                HAL_PWREx_DisableUCPDDeadBattery
 .text.HAL_RCC_OscConfig
                0x0000000008004c58      0x630 Drivers/STM32G4xx_HAL_Driver/Src/stm32g4xx_hal_rcc.o
                0x0000000008004c58                HAL_RCC_OscConfig
 .text.HAL_RCC_ClockConfig
                0x0000000008005288      0x278 Drivers/STM32G4xx_HAL_Driver/Src/stm32g4xx_hal_rcc.o
                0x0000000008005288                HAL_RCC_ClockConfig
 .text.HAL_RCC_GetSysClockFreq
                0x0000000008005500       0xc4 Drivers/STM32G4xx_HAL_Driver/Src/stm32g4xx_hal_rcc.o
                0x0000000008005500                HAL_RCC_GetSysClockFreq
 .text.HAL_RCC_GetHCLKFreq
                0x00000000080055c4       0x18 Drivers/STM32G4xx_HAL_Driver/Src/stm32g4xx_hal_rcc.o
                0x00000000080055c4                HAL_RCC_GetHCLKFreq
 .text.HAL_RCC_GetPCLK1Freq
                0x00000000080055dc       0x2c Drivers/STM32G4xx_HAL_Driver/Src/stm32g4xx_hal_rcc.o
                0x00000000080055dc                HAL_RCC_GetPCLK1Freq
 .text.HAL_RCC_GetPCLK2Freq
                0x0000000008005608       0x2c Drivers/STM32G4xx_HAL_Driver/Src/stm32g4xx_hal_rcc.o
                0x0000000008005608                HAL_RCC_GetPCLK2Freq
 .text.HAL_RCC_GetClockConfig
                0x0000000008005634       0x64 Drivers/STM32G4xx_HAL_Driver/Src/stm32g4xx_hal_rcc.o
                0x0000000008005634                HAL_RCC_GetClockConfig
 .text.RCC_GetSysClockFreqFromPLLSource
                0x0000000008005698       0x8c Drivers/STM32G4xx_HAL_Driver/Src/stm32g4xx_hal_rcc.o
 .text.HAL_RCCEx_PeriphCLKConfig
                0x0000000008005724      0x3e0 Drivers/STM32G4xx_HAL_Driver/Src/stm32g4xx_hal_rcc_ex.o
                0x0000000008005724                HAL_RCCEx_PeriphCLKConfig
 .text.HAL_SPI_Init
                0x0000000008005b04      0x156 Drivers/STM32G4xx_HAL_Driver/Src/stm32g4xx_hal_spi.o
                0x0000000008005b04                HAL_SPI_Init
 .text.HAL_SPI_Transmit
                0x0000000008005c5a      0x2dc Drivers/STM32G4xx_HAL_Driver/Src/stm32g4xx_hal_spi.o
                0x0000000008005c5a                HAL_SPI_Transmit
 .text.HAL_SPI_Receive
                0x0000000008005f36      0x260 Drivers/STM32G4xx_HAL_Driver/Src/stm32g4xx_hal_spi.o
                0x0000000008005f36                HAL_SPI_Receive
 .text.HAL_SPI_TransmitReceive
                0x0000000008006196      0x426 Drivers/STM32G4xx_HAL_Driver/Src/stm32g4xx_hal_spi.o
                0x0000000008006196                HAL_SPI_TransmitReceive
 .text.SPI_WaitFlagStateUntilTimeout
                0x00000000080065bc      0x110 Drivers/STM32G4xx_HAL_Driver/Src/stm32g4xx_hal_spi.o
 .text.SPI_WaitFifoStateUntilTimeout
                0x00000000080066cc      0x124 Drivers/STM32G4xx_HAL_Driver/Src/stm32g4xx_hal_spi.o
 .text.SPI_EndRxTransaction
                0x00000000080067f0       0xb0 Drivers/STM32G4xx_HAL_Driver/Src/stm32g4xx_hal_spi.o
 .text.SPI_EndRxTxTransaction
                0x00000000080068a0       0x8c Drivers/STM32G4xx_HAL_Driver/Src/stm32g4xx_hal_spi.o
 .text.HAL_TIM_Base_Init
                0x000000000800692c       0xae Drivers/STM32G4xx_HAL_Driver/Src/stm32g4xx_hal_tim.o
                0x000000000800692c                HAL_TIM_Base_Init
 .text.HAL_TIM_Base_MspInit
                0x00000000080069da       0x14 Drivers/STM32G4xx_HAL_Driver/Src/stm32g4xx_hal_tim.o
                0x00000000080069da                HAL_TIM_Base_MspInit
 *fill*         0x00000000080069ee        0x2 
 .text.HAL_TIM_Base_Start_IT
                0x00000000080069f0       0xd4 Drivers/STM32G4xx_HAL_Driver/Src/stm32g4xx_hal_tim.o
                0x00000000080069f0                HAL_TIM_Base_Start_IT
 .text.HAL_TIM_PWM_Init
                0x0000000008006ac4       0xae Drivers/STM32G4xx_HAL_Driver/Src/stm32g4xx_hal_tim.o
                0x0000000008006ac4                HAL_TIM_PWM_Init
 *fill*         0x0000000008006b72        0x2 
 .text.HAL_TIM_PWM_Start
                0x0000000008006b74      0x200 Drivers/STM32G4xx_HAL_Driver/Src/stm32g4xx_hal_tim.o
                0x0000000008006b74                HAL_TIM_PWM_Start
 .text.HAL_TIM_IRQHandler
                0x0000000008006d74      0x2fe Drivers/STM32G4xx_HAL_Driver/Src/stm32g4xx_hal_tim.o
                0x0000000008006d74                HAL_TIM_IRQHandler
 *fill*         0x0000000008007072        0x2 
 .text.HAL_TIM_PWM_ConfigChannel
                0x0000000008007074      0x220 Drivers/STM32G4xx_HAL_Driver/Src/stm32g4xx_hal_tim.o
                0x0000000008007074                HAL_TIM_PWM_ConfigChannel
 .text.HAL_TIM_OC_DelayElapsedCallback
                0x0000000008007294       0x14 Drivers/STM32G4xx_HAL_Driver/Src/stm32g4xx_hal_tim.o
                0x0000000008007294                HAL_TIM_OC_DelayElapsedCallback
 .text.HAL_TIM_IC_CaptureCallback
                0x00000000080072a8       0x14 Drivers/STM32G4xx_HAL_Driver/Src/stm32g4xx_hal_tim.o
                0x00000000080072a8                HAL_TIM_IC_CaptureCallback
 .text.HAL_TIM_PWM_PulseFinishedCallback
                0x00000000080072bc       0x14 Drivers/STM32G4xx_HAL_Driver/Src/stm32g4xx_hal_tim.o
                0x00000000080072bc                HAL_TIM_PWM_PulseFinishedCallback
 .text.HAL_TIM_TriggerCallback
                0x00000000080072d0       0x14 Drivers/STM32G4xx_HAL_Driver/Src/stm32g4xx_hal_tim.o
                0x00000000080072d0                HAL_TIM_TriggerCallback
 .text.TIM_Base_SetConfig
                0x00000000080072e4      0x120 Drivers/STM32G4xx_HAL_Driver/Src/stm32g4xx_hal_tim.o
                0x00000000080072e4                TIM_Base_SetConfig
 .text.TIM_OC1_SetConfig
                0x0000000008007404      0x120 Drivers/STM32G4xx_HAL_Driver/Src/stm32g4xx_hal_tim.o
 .text.TIM_OC2_SetConfig
                0x0000000008007524      0x114 Drivers/STM32G4xx_HAL_Driver/Src/stm32g4xx_hal_tim.o
                0x0000000008007524                TIM_OC2_SetConfig
 .text.TIM_OC3_SetConfig
                0x0000000008007638      0x110 Drivers/STM32G4xx_HAL_Driver/Src/stm32g4xx_hal_tim.o
 .text.TIM_OC4_SetConfig
                0x0000000008007748      0x114 Drivers/STM32G4xx_HAL_Driver/Src/stm32g4xx_hal_tim.o
 .text.TIM_OC5_SetConfig
                0x000000000800785c       0xc8 Drivers/STM32G4xx_HAL_Driver/Src/stm32g4xx_hal_tim.o
 .text.TIM_OC6_SetConfig
                0x0000000008007924       0xcc Drivers/STM32G4xx_HAL_Driver/Src/stm32g4xx_hal_tim.o
 .text.TIM_CCxChannelCmd
                0x00000000080079f0       0x4a Drivers/STM32G4xx_HAL_Driver/Src/stm32g4xx_hal_tim.o
                0x00000000080079f0                TIM_CCxChannelCmd
 *fill*         0x0000000008007a3a        0x2 
 .text.HAL_TIMEx_MasterConfigSynchronization
                0x0000000008007a3c      0x104 Drivers/STM32G4xx_HAL_Driver/Src/stm32g4xx_hal_tim_ex.o
                0x0000000008007a3c                HAL_TIMEx_MasterConfigSynchronization
 .text.HAL_TIMEx_ConfigBreakDeadTime
                0x0000000008007b40      0x140 Drivers/STM32G4xx_HAL_Driver/Src/stm32g4xx_hal_tim_ex.o
                0x0000000008007b40                HAL_TIMEx_ConfigBreakDeadTime
 .text.HAL_TIMEx_CommutCallback
                0x0000000008007c80       0x14 Drivers/STM32G4xx_HAL_Driver/Src/stm32g4xx_hal_tim_ex.o
                0x0000000008007c80                HAL_TIMEx_CommutCallback
 .text.HAL_TIMEx_BreakCallback
                0x0000000008007c94       0x14 Drivers/STM32G4xx_HAL_Driver/Src/stm32g4xx_hal_tim_ex.o
                0x0000000008007c94                HAL_TIMEx_BreakCallback
 .text.HAL_TIMEx_Break2Callback
                0x0000000008007ca8       0x14 Drivers/STM32G4xx_HAL_Driver/Src/stm32g4xx_hal_tim_ex.o
                0x0000000008007ca8                HAL_TIMEx_Break2Callback
 .text.HAL_TIMEx_EncoderIndexCallback
                0x0000000008007cbc       0x14 Drivers/STM32G4xx_HAL_Driver/Src/stm32g4xx_hal_tim_ex.o
                0x0000000008007cbc                HAL_TIMEx_EncoderIndexCallback
 .text.HAL_TIMEx_DirectionChangeCallback
                0x0000000008007cd0       0x14 Drivers/STM32G4xx_HAL_Driver/Src/stm32g4xx_hal_tim_ex.o
                0x0000000008007cd0                HAL_TIMEx_DirectionChangeCallback
 .text.HAL_TIMEx_IndexErrorCallback
                0x0000000008007ce4       0x14 Drivers/STM32G4xx_HAL_Driver/Src/stm32g4xx_hal_tim_ex.o
                0x0000000008007ce4                HAL_TIMEx_IndexErrorCallback
 .text.HAL_TIMEx_TransitionErrorCallback
                0x0000000008007cf8       0x14 Drivers/STM32G4xx_HAL_Driver/Src/stm32g4xx_hal_tim_ex.o
                0x0000000008007cf8                HAL_TIMEx_TransitionErrorCallback
 .text.HAL_UART_Init
                0x0000000008007d0c       0xa0 Drivers/STM32G4xx_HAL_Driver/Src/stm32g4xx_hal_uart.o
                0x0000000008007d0c                HAL_UART_Init
 .text.HAL_UART_Receive_DMA
                0x0000000008007dac       0x8c Drivers/STM32G4xx_HAL_Driver/Src/stm32g4xx_hal_uart.o
                0x0000000008007dac                HAL_UART_Receive_DMA
 .text.HAL_UART_RxHalfCpltCallback
                0x0000000008007e38       0x14 Drivers/STM32G4xx_HAL_Driver/Src/stm32g4xx_hal_uart.o
                0x0000000008007e38                HAL_UART_RxHalfCpltCallback
 .text.HAL_UART_ErrorCallback
                0x0000000008007e4c       0x14 Drivers/STM32G4xx_HAL_Driver/Src/stm32g4xx_hal_uart.o
                0x0000000008007e4c                HAL_UART_ErrorCallback
 .text.HAL_UARTEx_RxEventCallback
                0x0000000008007e60       0x18 Drivers/STM32G4xx_HAL_Driver/Src/stm32g4xx_hal_uart.o
                0x0000000008007e60                HAL_UARTEx_RxEventCallback
 .text.UART_SetConfig
                0x0000000008007e78      0x53c Drivers/STM32G4xx_HAL_Driver/Src/stm32g4xx_hal_uart.o
                0x0000000008007e78                UART_SetConfig
 .text.UART_AdvFeatureConfig
                0x00000000080083b4      0x144 Drivers/STM32G4xx_HAL_Driver/Src/stm32g4xx_hal_uart.o
                0x00000000080083b4                UART_AdvFeatureConfig
 .text.UART_CheckIdleState
                0x00000000080084f8       0x96 Drivers/STM32G4xx_HAL_Driver/Src/stm32g4xx_hal_uart.o
                0x00000000080084f8                UART_CheckIdleState
 .text.UART_WaitOnFlagUntilTimeout
                0x000000000800858e      0x100 Drivers/STM32G4xx_HAL_Driver/Src/stm32g4xx_hal_uart.o
                0x000000000800858e                UART_WaitOnFlagUntilTimeout
 *fill*         0x000000000800868e        0x2 
 .text.UART_Start_Receive_DMA
                0x0000000008008690       0xdc Drivers/STM32G4xx_HAL_Driver/Src/stm32g4xx_hal_uart.o
                0x0000000008008690                UART_Start_Receive_DMA
 .text.UART_EndTxTransfer
                0x000000000800876c       0x3c Drivers/STM32G4xx_HAL_Driver/Src/stm32g4xx_hal_uart.o
 .text.UART_EndRxTransfer
                0x00000000080087a8       0x64 Drivers/STM32G4xx_HAL_Driver/Src/stm32g4xx_hal_uart.o
 .text.UART_DMAReceiveCplt
                0x000000000800880c       0x9a Drivers/STM32G4xx_HAL_Driver/Src/stm32g4xx_hal_uart.o
 .text.UART_DMARxHalfCplt
                0x00000000080088a6       0x38 Drivers/STM32G4xx_HAL_Driver/Src/stm32g4xx_hal_uart.o
 .text.UART_DMAError
                0x00000000080088de       0x80 Drivers/STM32G4xx_HAL_Driver/Src/stm32g4xx_hal_uart.o
 .text.HAL_UARTEx_DisableFifoMode
                0x000000000800895e       0x72 Drivers/STM32G4xx_HAL_Driver/Src/stm32g4xx_hal_uart_ex.o
                0x000000000800895e                HAL_UARTEx_DisableFifoMode
 .text.HAL_UARTEx_SetTxFifoThreshold
                0x00000000080089d0       0x7c Drivers/STM32G4xx_HAL_Driver/Src/stm32g4xx_hal_uart_ex.o
                0x00000000080089d0                HAL_UARTEx_SetTxFifoThreshold
 .text.HAL_UARTEx_SetRxFifoThreshold
                0x0000000008008a4c       0x7c Drivers/STM32G4xx_HAL_Driver/Src/stm32g4xx_hal_uart_ex.o
                0x0000000008008a4c                HAL_UARTEx_SetRxFifoThreshold
 .text.UARTEx_SetNbDataToProcess
                0x0000000008008ac8       0x9c Drivers/STM32G4xx_HAL_Driver/Src/stm32g4xx_hal_uart_ex.o
 .text.__NVIC_SetPriority
                0x0000000008008b64       0x54 Middlewares/Third_Party/FreeRTOS/Source/CMSIS_RTOS_V2/cmsis_os2.o
 .text.SysTick_Handler
                0x0000000008008bb8       0x20 Middlewares/Third_Party/FreeRTOS/Source/CMSIS_RTOS_V2/cmsis_os2.o
                0x0000000008008bb8                SysTick_Handler
 .text.SVC_Setup
                0x0000000008008bd8       0x12 Middlewares/Third_Party/FreeRTOS/Source/CMSIS_RTOS_V2/cmsis_os2.o
 *fill*         0x0000000008008bea        0x2 
 .text.osKernelInitialize
                0x0000000008008bec       0x48 Middlewares/Third_Party/FreeRTOS/Source/CMSIS_RTOS_V2/cmsis_os2.o
                0x0000000008008bec                osKernelInitialize
 .text.osKernelStart
                0x0000000008008c34       0x4c Middlewares/Third_Party/FreeRTOS/Source/CMSIS_RTOS_V2/cmsis_os2.o
                0x0000000008008c34                osKernelStart
 .text.osThreadNew
                0x0000000008008c80      0x124 Middlewares/Third_Party/FreeRTOS/Source/CMSIS_RTOS_V2/cmsis_os2.o
                0x0000000008008c80                osThreadNew
 .text.osDelay  0x0000000008008da4       0x36 Middlewares/Third_Party/FreeRTOS/Source/CMSIS_RTOS_V2/cmsis_os2.o
                0x0000000008008da4                osDelay
 .text.osMessageQueueNew
                0x0000000008008dda       0xe6 Middlewares/Third_Party/FreeRTOS/Source/CMSIS_RTOS_V2/cmsis_os2.o
                0x0000000008008dda                osMessageQueueNew
 .text.vApplicationGetIdleTaskMemory
                0x0000000008008ec0       0x34 Middlewares/Third_Party/FreeRTOS/Source/CMSIS_RTOS_V2/cmsis_os2.o
                0x0000000008008ec0                vApplicationGetIdleTaskMemory
 .text.vApplicationGetTimerTaskMemory
                0x0000000008008ef4       0x34 Middlewares/Third_Party/FreeRTOS/Source/CMSIS_RTOS_V2/cmsis_os2.o
                0x0000000008008ef4                vApplicationGetTimerTaskMemory
 .text.vListInitialise
                0x0000000008008f28       0x40 Middlewares/Third_Party/FreeRTOS/Source/list.o
                0x0000000008008f28                vListInitialise
 .text.vListInitialiseItem
                0x0000000008008f68       0x1a Middlewares/Third_Party/FreeRTOS/Source/list.o
                0x0000000008008f68                vListInitialiseItem
 .text.vListInsertEnd
                0x0000000008008f82       0x48 Middlewares/Third_Party/FreeRTOS/Source/list.o
                0x0000000008008f82                vListInsertEnd
 .text.vListInsert
                0x0000000008008fca       0x72 Middlewares/Third_Party/FreeRTOS/Source/list.o
                0x0000000008008fca                vListInsert
 .text.uxListRemove
                0x000000000800903c       0x54 Middlewares/Third_Party/FreeRTOS/Source/list.o
                0x000000000800903c                uxListRemove
 .text.xQueueGenericReset
                0x0000000008009090       0xd0 Middlewares/Third_Party/FreeRTOS/Source/queue.o
                0x0000000008009090                xQueueGenericReset
 .text.xQueueGenericCreateStatic
                0x0000000008009160       0xf0 Middlewares/Third_Party/FreeRTOS/Source/queue.o
                0x0000000008009160                xQueueGenericCreateStatic
 .text.xQueueGenericCreate
                0x0000000008009250       0x74 Middlewares/Third_Party/FreeRTOS/Source/queue.o
                0x0000000008009250                xQueueGenericCreate
 .text.prvInitialiseNewQueue
                0x00000000080092c4       0x46 Middlewares/Third_Party/FreeRTOS/Source/queue.o
 *fill*         0x000000000800930a        0x2 
 .text.xQueueGenericSend
                0x000000000800930c      0x1fc Middlewares/Third_Party/FreeRTOS/Source/queue.o
                0x000000000800930c                xQueueGenericSend
 .text.xQueueGenericSendFromISR
                0x0000000008009508      0x136 Middlewares/Third_Party/FreeRTOS/Source/queue.o
                0x0000000008009508                xQueueGenericSendFromISR
 *fill*         0x000000000800963e        0x2 
 .text.xQueueReceive
                0x0000000008009640      0x1c0 Middlewares/Third_Party/FreeRTOS/Source/queue.o
                0x0000000008009640                xQueueReceive
 .text.prvCopyDataToQueue
                0x0000000008009800       0xd4 Middlewares/Third_Party/FreeRTOS/Source/queue.o
 .text.prvCopyDataFromQueue
                0x00000000080098d4       0x4c Middlewares/Third_Party/FreeRTOS/Source/queue.o
 .text.prvUnlockQueue
                0x0000000008009920       0xa4 Middlewares/Third_Party/FreeRTOS/Source/queue.o
 .text.prvIsQueueEmpty
                0x00000000080099c4       0x2c Middlewares/Third_Party/FreeRTOS/Source/queue.o
 .text.prvIsQueueFull
                0x00000000080099f0       0x30 Middlewares/Third_Party/FreeRTOS/Source/queue.o
 .text.vQueueAddToRegistry
                0x0000000008009a20       0x54 Middlewares/Third_Party/FreeRTOS/Source/queue.o
                0x0000000008009a20                vQueueAddToRegistry
 .text.vQueueWaitForMessageRestricted
                0x0000000008009a74       0x68 Middlewares/Third_Party/FreeRTOS/Source/queue.o
                0x0000000008009a74                vQueueWaitForMessageRestricted
 .text.xTaskCreateStatic
                0x0000000008009adc       0xba Middlewares/Third_Party/FreeRTOS/Source/tasks.o
                0x0000000008009adc                xTaskCreateStatic
 .text.xTaskCreate
                0x0000000008009b96       0x8a Middlewares/Third_Party/FreeRTOS/Source/tasks.o
                0x0000000008009b96                xTaskCreate
 .text.prvInitialiseNewTask
                0x0000000008009c20      0x11e Middlewares/Third_Party/FreeRTOS/Source/tasks.o
 *fill*         0x0000000008009d3e        0x2 
 .text.prvAddNewTaskToReadyList
                0x0000000008009d40       0xe0 Middlewares/Third_Party/FreeRTOS/Source/tasks.o
 .text.vTaskDelay
                0x0000000008009e20       0x68 Middlewares/Third_Party/FreeRTOS/Source/tasks.o
                0x0000000008009e20                vTaskDelay
 .text.vTaskStartScheduler
                0x0000000008009e88       0xcc Middlewares/Third_Party/FreeRTOS/Source/tasks.o
                0x0000000008009e88                vTaskStartScheduler
 .text.vTaskSuspendAll
                0x0000000008009f54       0x1c Middlewares/Third_Party/FreeRTOS/Source/tasks.o
                0x0000000008009f54                vTaskSuspendAll
 .text.xTaskResumeAll
                0x0000000008009f70      0x13c Middlewares/Third_Party/FreeRTOS/Source/tasks.o
                0x0000000008009f70                xTaskResumeAll
 .text.xTaskGetTickCount
                0x000000000800a0ac       0x20 Middlewares/Third_Party/FreeRTOS/Source/tasks.o
                0x000000000800a0ac                xTaskGetTickCount
 .text.xTaskIncrementTick
                0x000000000800a0cc      0x174 Middlewares/Third_Party/FreeRTOS/Source/tasks.o
                0x000000000800a0cc                xTaskIncrementTick
 .text.vTaskSwitchContext
                0x000000000800a240       0xbc Middlewares/Third_Party/FreeRTOS/Source/tasks.o
                0x000000000800a240                vTaskSwitchContext
 .text.vTaskPlaceOnEventList
                0x000000000800a2fc       0x48 Middlewares/Third_Party/FreeRTOS/Source/tasks.o
                0x000000000800a2fc                vTaskPlaceOnEventList
 .text.vTaskPlaceOnEventListRestricted
                0x000000000800a344       0x58 Middlewares/Third_Party/FreeRTOS/Source/tasks.o
                0x000000000800a344                vTaskPlaceOnEventListRestricted
 .text.xTaskRemoveFromEventList
                0x000000000800a39c       0xc8 Middlewares/Third_Party/FreeRTOS/Source/tasks.o
                0x000000000800a39c                xTaskRemoveFromEventList
 .text.vTaskInternalSetTimeOutState
                0x000000000800a464       0x2c Middlewares/Third_Party/FreeRTOS/Source/tasks.o
                0x000000000800a464                vTaskInternalSetTimeOutState
 .text.xTaskCheckForTimeOut
                0x000000000800a490       0xc4 Middlewares/Third_Party/FreeRTOS/Source/tasks.o
                0x000000000800a490                xTaskCheckForTimeOut
 .text.vTaskMissedYield
                0x000000000800a554       0x18 Middlewares/Third_Party/FreeRTOS/Source/tasks.o
                0x000000000800a554                vTaskMissedYield
 .text.prvIdleTask
                0x000000000800a56c       0x30 Middlewares/Third_Party/FreeRTOS/Source/tasks.o
 .text.prvInitialiseTaskLists
                0x000000000800a59c       0x80 Middlewares/Third_Party/FreeRTOS/Source/tasks.o
 .text.prvCheckTasksWaitingTermination
                0x000000000800a61c       0x5c Middlewares/Third_Party/FreeRTOS/Source/tasks.o
 .text.prvDeleteTCB
                0x000000000800a678       0x5e Middlewares/Third_Party/FreeRTOS/Source/tasks.o
 *fill*         0x000000000800a6d6        0x2 
 .text.prvResetNextTaskUnblockTime
                0x000000000800a6d8       0x40 Middlewares/Third_Party/FreeRTOS/Source/tasks.o
 .text.xTaskGetSchedulerState
                0x000000000800a718       0x3c Middlewares/Third_Party/FreeRTOS/Source/tasks.o
                0x000000000800a718                xTaskGetSchedulerState
 .text.xTaskPriorityDisinherit
                0x000000000800a754       0xdc Middlewares/Third_Party/FreeRTOS/Source/tasks.o
                0x000000000800a754                xTaskPriorityDisinherit
 .text.prvAddCurrentTaskToDelayedList
                0x000000000800a830       0xa8 Middlewares/Third_Party/FreeRTOS/Source/tasks.o
 .text.xTimerCreateTimerTask
                0x000000000800a8d8       0x90 Middlewares/Third_Party/FreeRTOS/Source/timers.o
                0x000000000800a8d8                xTimerCreateTimerTask
 .text.xTimerGenericCommand
                0x000000000800a968       0x9c Middlewares/Third_Party/FreeRTOS/Source/timers.o
                0x000000000800a968                xTimerGenericCommand
 .text.prvProcessExpiredTimer
                0x000000000800aa04       0x98 Middlewares/Third_Party/FreeRTOS/Source/timers.o
 .text.prvTimerTask
                0x000000000800aa9c       0x24 Middlewares/Third_Party/FreeRTOS/Source/timers.o
 .text.prvProcessTimerOrBlockTask
                0x000000000800aac0       0x9c Middlewares/Third_Party/FreeRTOS/Source/timers.o
 .text.prvGetNextExpireTime
                0x000000000800ab5c       0x48 Middlewares/Third_Party/FreeRTOS/Source/timers.o
 .text.prvSampleTimeNow
                0x000000000800aba4       0x40 Middlewares/Third_Party/FreeRTOS/Source/timers.o
 .text.prvInsertTimerInActiveList
                0x000000000800abe4       0x84 Middlewares/Third_Party/FreeRTOS/Source/timers.o
 .text.prvProcessReceivedCommands
                0x000000000800ac68      0x1c4 Middlewares/Third_Party/FreeRTOS/Source/timers.o
 .text.prvSwitchTimerLists
                0x000000000800ae2c       0xc8 Middlewares/Third_Party/FreeRTOS/Source/timers.o
 .text.prvCheckForValidListAndQueue
                0x000000000800aef4       0x80 Middlewares/Third_Party/FreeRTOS/Source/timers.o
 .text.pxPortInitialiseStack
                0x000000000800af74       0x68 Middlewares/Third_Party/FreeRTOS/Source/portable/GCC/ARM_CM4F/port.o
                0x000000000800af74                pxPortInitialiseStack
 .text.prvTaskExitError
                0x000000000800afdc       0x58 Middlewares/Third_Party/FreeRTOS/Source/portable/GCC/ARM_CM4F/port.o
 *fill*         0x000000000800b034        0xc 
 .text.SVC_Handler
                0x000000000800b040       0x28 Middlewares/Third_Party/FreeRTOS/Source/portable/GCC/ARM_CM4F/port.o
                0x000000000800b040                SVC_Handler
 .text.prvPortStartFirstTask
                0x000000000800b068       0x28 Middlewares/Third_Party/FreeRTOS/Source/portable/GCC/ARM_CM4F/port.o
 .text.xPortStartScheduler
                0x000000000800b090      0x144 Middlewares/Third_Party/FreeRTOS/Source/portable/GCC/ARM_CM4F/port.o
                0x000000000800b090                xPortStartScheduler
 .text.vPortEnterCritical
                0x000000000800b1d4       0x60 Middlewares/Third_Party/FreeRTOS/Source/portable/GCC/ARM_CM4F/port.o
                0x000000000800b1d4                vPortEnterCritical
 .text.vPortExitCritical
                0x000000000800b234       0x54 Middlewares/Third_Party/FreeRTOS/Source/portable/GCC/ARM_CM4F/port.o
                0x000000000800b234                vPortExitCritical
 *fill*         0x000000000800b288        0x8 
 .text.PendSV_Handler
                0x000000000800b290       0x68 Middlewares/Third_Party/FreeRTOS/Source/portable/GCC/ARM_CM4F/port.o
                0x000000000800b290                PendSV_Handler
 .text.xPortSysTickHandler
                0x000000000800b2f8       0x44 Middlewares/Third_Party/FreeRTOS/Source/portable/GCC/ARM_CM4F/port.o
                0x000000000800b2f8                xPortSysTickHandler
 .text.vPortSetupTimerInterrupt
                0x000000000800b33c       0x48 Middlewares/Third_Party/FreeRTOS/Source/portable/GCC/ARM_CM4F/port.o
                0x000000000800b33c                vPortSetupTimerInterrupt
 .text.vPortEnableVFP
                0x000000000800b384       0x14 Middlewares/Third_Party/FreeRTOS/Source/portable/GCC/ARM_CM4F/port.o
 .text.vPortValidateInterruptPriority
                0x000000000800b398       0x80 Middlewares/Third_Party/FreeRTOS/Source/portable/GCC/ARM_CM4F/port.o
                0x000000000800b398                vPortValidateInterruptPriority
 .text.pvPortMalloc
                0x000000000800b418      0x198 Middlewares/Third_Party/FreeRTOS/Source/portable/MemMang/heap_4.o
                0x000000000800b418                pvPortMalloc
 .text.vPortFree
                0x000000000800b5b0       0xc4 Middlewares/Third_Party/FreeRTOS/Source/portable/MemMang/heap_4.o
                0x000000000800b5b0                vPortFree
 .text.prvHeapInit
                0x000000000800b674       0xc4 Middlewares/Third_Party/FreeRTOS/Source/portable/MemMang/heap_4.o
 .text.prvInsertBlockIntoFreeList
                0x000000000800b738       0xb4 Middlewares/Third_Party/FreeRTOS/Source/portable/MemMang/heap_4.o
 .text.__errno  0x000000000800b7ec        0xc c:/st/stm32cubeide_1.6.0/stm32cubeide/plugins/com.st.stm32cube.ide.mcu.externaltools.gnu-tools-for-stm32.9-2020-q2-update.win32_1.5.0.202011040924/tools/bin/../lib/gcc/arm-none-eabi/9.3.1/../../../../arm-none-eabi/lib/thumb/v7e-m+fp/hard\libc_nano.a(lib_a-errno.o)
                0x000000000800b7ec                __errno
 .text.__libc_init_array
                0x000000000800b7f8       0x48 c:/st/stm32cubeide_1.6.0/stm32cubeide/plugins/com.st.stm32cube.ide.mcu.externaltools.gnu-tools-for-stm32.9-2020-q2-update.win32_1.5.0.202011040924/tools/bin/../lib/gcc/arm-none-eabi/9.3.1/../../../../arm-none-eabi/lib/thumb/v7e-m+fp/hard\libc_nano.a(lib_a-init.o)
                0x000000000800b7f8                __libc_init_array
 .text.memcpy   0x000000000800b840       0x1c c:/st/stm32cubeide_1.6.0/stm32cubeide/plugins/com.st.stm32cube.ide.mcu.externaltools.gnu-tools-for-stm32.9-2020-q2-update.win32_1.5.0.202011040924/tools/bin/../lib/gcc/arm-none-eabi/9.3.1/../../../../arm-none-eabi/lib/thumb/v7e-m+fp/hard\libc_nano.a(lib_a-memcpy-stub.o)
                0x000000000800b840                memcpy
 .text.memset   0x000000000800b85c       0x10 c:/st/stm32cubeide_1.6.0/stm32cubeide/plugins/com.st.stm32cube.ide.mcu.externaltools.gnu-tools-for-stm32.9-2020-q2-update.win32_1.5.0.202011040924/tools/bin/../lib/gcc/arm-none-eabi/9.3.1/../../../../arm-none-eabi/lib/thumb/v7e-m+fp/hard\libc_nano.a(lib_a-memset.o)
                0x000000000800b85c                memset
 *fill*         0x000000000800b86c        0x4 
 .text.cos      0x000000000800b870       0xa0 c:/st/stm32cubeide_1.6.0/stm32cubeide/plugins/com.st.stm32cube.ide.mcu.externaltools.gnu-tools-for-stm32.9-2020-q2-update.win32_1.5.0.202011040924/tools/bin/../lib/gcc/arm-none-eabi/9.3.1/../../../../arm-none-eabi/lib/thumb/v7e-m+fp/hard\libm.a(lib_a-s_cos.o)
                0x000000000800b870                cos
 .text.sin      0x000000000800b910       0xa8 c:/st/stm32cubeide_1.6.0/stm32cubeide/plugins/com.st.stm32cube.ide.mcu.externaltools.gnu-tools-for-stm32.9-2020-q2-update.win32_1.5.0.202011040924/tools/bin/../lib/gcc/arm-none-eabi/9.3.1/../../../../arm-none-eabi/lib/thumb/v7e-m+fp/hard\libm.a(lib_a-s_sin.o)
                0x000000000800b910                sin
 .text.acos     0x000000000800b9b8       0x74 c:/st/stm32cubeide_1.6.0/stm32cubeide/plugins/com.st.stm32cube.ide.mcu.externaltools.gnu-tools-for-stm32.9-2020-q2-update.win32_1.5.0.202011040924/tools/bin/../lib/gcc/arm-none-eabi/9.3.1/../../../../arm-none-eabi/lib/thumb/v7e-m+fp/hard\libm.a(lib_a-w_acos.o)
                0x000000000800b9b8                acos
 .text.pow      0x000000000800ba2c      0x15c c:/st/stm32cubeide_1.6.0/stm32cubeide/plugins/com.st.stm32cube.ide.mcu.externaltools.gnu-tools-for-stm32.9-2020-q2-update.win32_1.5.0.202011040924/tools/bin/../lib/gcc/arm-none-eabi/9.3.1/../../../../arm-none-eabi/lib/thumb/v7e-m+fp/hard\libm.a(lib_a-w_pow.o)
                0x000000000800ba2c                pow
 .text.sqrt     0x000000000800bb88       0x68 c:/st/stm32cubeide_1.6.0/stm32cubeide/plugins/com.st.stm32cube.ide.mcu.externaltools.gnu-tools-for-stm32.9-2020-q2-update.win32_1.5.0.202011040924/tools/bin/../lib/gcc/arm-none-eabi/9.3.1/../../../../arm-none-eabi/lib/thumb/v7e-m+fp/hard\libm.a(lib_a-w_sqrt.o)
                0x000000000800bb88                sqrt
 .text.__ieee754_acos
                0x000000000800bbf0      0x4c0 c:/st/stm32cubeide_1.6.0/stm32cubeide/plugins/com.st.stm32cube.ide.mcu.externaltools.gnu-tools-for-stm32.9-2020-q2-update.win32_1.5.0.202011040924/tools/bin/../lib/gcc/arm-none-eabi/9.3.1/../../../../arm-none-eabi/lib/thumb/v7e-m+fp/hard\libm.a(lib_a-e_acos.o)
                0x000000000800bbf0                __ieee754_acos
 .text.__ieee754_pow
                0x000000000800c0b0      0xa44 c:/st/stm32cubeide_1.6.0/stm32cubeide/plugins/com.st.stm32cube.ide.mcu.externaltools.gnu-tools-for-stm32.9-2020-q2-update.win32_1.5.0.202011040924/tools/bin/../lib/gcc/arm-none-eabi/9.3.1/../../../../arm-none-eabi/lib/thumb/v7e-m+fp/hard\libm.a(lib_a-e_pow.o)
                0x000000000800c0b0                __ieee754_pow
 *fill*         0x000000000800caf4        0x4 
 .text.__ieee754_rem_pio2
                0x000000000800caf8      0x414 c:/st/stm32cubeide_1.6.0/stm32cubeide/plugins/com.st.stm32cube.ide.mcu.externaltools.gnu-tools-for-stm32.9-2020-q2-update.win32_1.5.0.202011040924/tools/bin/../lib/gcc/arm-none-eabi/9.3.1/../../../../arm-none-eabi/lib/thumb/v7e-m+fp/hard\libm.a(lib_a-e_rem_pio2.o)
                0x000000000800caf8                __ieee754_rem_pio2
 .text.__ieee754_sqrt
                0x000000000800cf0c      0x168 c:/st/stm32cubeide_1.6.0/stm32cubeide/plugins/com.st.stm32cube.ide.mcu.externaltools.gnu-tools-for-stm32.9-2020-q2-update.win32_1.5.0.202011040924/tools/bin/../lib/gcc/arm-none-eabi/9.3.1/../../../../arm-none-eabi/lib/thumb/v7e-m+fp/hard\libm.a(lib_a-e_sqrt.o)
                0x000000000800cf0c                __ieee754_sqrt
 *fill*         0x000000000800d074        0x4 
 .text.__kernel_cos
                0x000000000800d078      0x18c c:/st/stm32cubeide_1.6.0/stm32cubeide/plugins/com.st.stm32cube.ide.mcu.externaltools.gnu-tools-for-stm32.9-2020-q2-update.win32_1.5.0.202011040924/tools/bin/../lib/gcc/arm-none-eabi/9.3.1/../../../../arm-none-eabi/lib/thumb/v7e-m+fp/hard\libm.a(lib_a-k_cos.o)
                0x000000000800d078                __kernel_cos
 *fill*         0x000000000800d204        0x4 
 .text.__kernel_rem_pio2
                0x000000000800d208      0x680 c:/st/stm32cubeide_1.6.0/stm32cubeide/plugins/com.st.stm32cube.ide.mcu.externaltools.gnu-tools-for-stm32.9-2020-q2-update.win32_1.5.0.202011040924/tools/bin/../lib/gcc/arm-none-eabi/9.3.1/../../../../arm-none-eabi/lib/thumb/v7e-m+fp/hard\libm.a(lib_a-k_rem_pio2.o)
                0x000000000800d208                __kernel_rem_pio2
 .text.__kernel_sin
                0x000000000800d888      0x17c c:/st/stm32cubeide_1.6.0/stm32cubeide/plugins/com.st.stm32cube.ide.mcu.externaltools.gnu-tools-for-stm32.9-2020-q2-update.win32_1.5.0.202011040924/tools/bin/../lib/gcc/arm-none-eabi/9.3.1/../../../../arm-none-eabi/lib/thumb/v7e-m+fp/hard\libm.a(lib_a-k_sin.o)
                0x000000000800d888                __kernel_sin
 .text.fabs     0x000000000800da04       0x12 c:/st/stm32cubeide_1.6.0/stm32cubeide/plugins/com.st.stm32cube.ide.mcu.externaltools.gnu-tools-for-stm32.9-2020-q2-update.win32_1.5.0.202011040924/tools/bin/../lib/gcc/arm-none-eabi/9.3.1/../../../../arm-none-eabi/lib/thumb/v7e-m+fp/hard\libm.a(lib_a-s_fabs.o)
                0x000000000800da04                fabs
 .text.finite   0x000000000800da16       0x16 c:/st/stm32cubeide_1.6.0/stm32cubeide/plugins/com.st.stm32cube.ide.mcu.externaltools.gnu-tools-for-stm32.9-2020-q2-update.win32_1.5.0.202011040924/tools/bin/../lib/gcc/arm-none-eabi/9.3.1/../../../../arm-none-eabi/lib/thumb/v7e-m+fp/hard\libm.a(lib_a-s_finite.o)
                0x000000000800da16                finite
 *fill*         0x000000000800da2c        0x4 
 .text.floor    0x000000000800da30      0x100 c:/st/stm32cubeide_1.6.0/stm32cubeide/plugins/com.st.stm32cube.ide.mcu.externaltools.gnu-tools-for-stm32.9-2020-q2-update.win32_1.5.0.202011040924/tools/bin/../lib/gcc/arm-none-eabi/9.3.1/../../../../arm-none-eabi/lib/thumb/v7e-m+fp/hard\libm.a(lib_a-s_floor.o)
                0x000000000800da30                floor
 .text.nan      0x000000000800db30       0x10 c:/st/stm32cubeide_1.6.0/stm32cubeide/plugins/com.st.stm32cube.ide.mcu.externaltools.gnu-tools-for-stm32.9-2020-q2-update.win32_1.5.0.202011040924/tools/bin/../lib/gcc/arm-none-eabi/9.3.1/../../../../arm-none-eabi/lib/thumb/v7e-m+fp/hard\libm.a(lib_a-s_nan.o)
                0x000000000800db30                nan
 .text.rint     0x000000000800db40      0x114 c:/st/stm32cubeide_1.6.0/stm32cubeide/plugins/com.st.stm32cube.ide.mcu.externaltools.gnu-tools-for-stm32.9-2020-q2-update.win32_1.5.0.202011040924/tools/bin/../lib/gcc/arm-none-eabi/9.3.1/../../../../arm-none-eabi/lib/thumb/v7e-m+fp/hard\libm.a(lib_a-s_rint.o)
                0x000000000800db40                rint
 *fill*         0x000000000800dc54        0x4 
 .text.scalbn   0x000000000800dc58      0x10c c:/st/stm32cubeide_1.6.0/stm32cubeide/plugins/com.st.stm32cube.ide.mcu.externaltools.gnu-tools-for-stm32.9-2020-q2-update.win32_1.5.0.202011040924/tools/bin/../lib/gcc/arm-none-eabi/9.3.1/../../../../arm-none-eabi/lib/thumb/v7e-m+fp/hard\libm.a(lib_a-s_scalbn.o)
                0x000000000800dc58                scalbn
 *(.glue_7)
 .glue_7        0x000000000800dd64        0x0 linker stubs
 *(.glue_7t)
 .glue_7t       0x000000000800dd64        0x0 linker stubs
 *(.eh_frame)
 .eh_frame      0x000000000800dd64        0x0 c:/st/stm32cubeide_1.6.0/stm32cubeide/plugins/com.st.stm32cube.ide.mcu.externaltools.gnu-tools-for-stm32.9-2020-q2-update.win32_1.5.0.202011040924/tools/bin/../lib/gcc/arm-none-eabi/9.3.1/thumb/v7e-m+fp/hard/crtbegin.o
 *(.init)
 .init          0x000000000800dd64        0x4 c:/st/stm32cubeide_1.6.0/stm32cubeide/plugins/com.st.stm32cube.ide.mcu.externaltools.gnu-tools-for-stm32.9-2020-q2-update.win32_1.5.0.202011040924/tools/bin/../lib/gcc/arm-none-eabi/9.3.1/thumb/v7e-m+fp/hard/crti.o
                0x000000000800dd64                _init
 .init          0x000000000800dd68        0x8 c:/st/stm32cubeide_1.6.0/stm32cubeide/plugins/com.st.stm32cube.ide.mcu.externaltools.gnu-tools-for-stm32.9-2020-q2-update.win32_1.5.0.202011040924/tools/bin/../lib/gcc/arm-none-eabi/9.3.1/thumb/v7e-m+fp/hard/crtn.o
 *(.fini)
 .fini          0x000000000800dd70        0x4 c:/st/stm32cubeide_1.6.0/stm32cubeide/plugins/com.st.stm32cube.ide.mcu.externaltools.gnu-tools-for-stm32.9-2020-q2-update.win32_1.5.0.202011040924/tools/bin/../lib/gcc/arm-none-eabi/9.3.1/thumb/v7e-m+fp/hard/crti.o
                0x000000000800dd70                _fini
 .fini          0x000000000800dd74        0x8 c:/st/stm32cubeide_1.6.0/stm32cubeide/plugins/com.st.stm32cube.ide.mcu.externaltools.gnu-tools-for-stm32.9-2020-q2-update.win32_1.5.0.202011040924/tools/bin/../lib/gcc/arm-none-eabi/9.3.1/thumb/v7e-m+fp/hard/crtn.o
                0x000000000800dd7c                . = ALIGN (0x4)
                0x000000000800dd7c                _etext = .

.vfp11_veneer   0x000000000800dd7c        0x0
 .vfp11_veneer  0x000000000800dd7c        0x0 linker stubs

.v4_bx          0x000000000800dd7c        0x0
 .v4_bx         0x000000000800dd7c        0x0 linker stubs

.iplt           0x000000000800dd7c        0x0
 .iplt          0x000000000800dd7c        0x0 c:/st/stm32cubeide_1.6.0/stm32cubeide/plugins/com.st.stm32cube.ide.mcu.externaltools.gnu-tools-for-stm32.9-2020-q2-update.win32_1.5.0.202011040924/tools/bin/../lib/gcc/arm-none-eabi/9.3.1/thumb/v7e-m+fp/hard/crtbegin.o

.rodata         0x000000000800dd80      0x3d0
                0x000000000800dd80                . = ALIGN (0x4)
 *(.rodata)
 .rodata        0x000000000800dd80       0x41 Core/Src/main.o
 *fill*         0x000000000800ddc1        0x3 
 .rodata        0x000000000800ddc4        0x5 Middlewares/Third_Party/FreeRTOS/Source/tasks.o
 *fill*         0x000000000800ddc9        0x3 
 .rodata        0x000000000800ddcc        0xd Middlewares/Third_Party/FreeRTOS/Source/timers.o
 *(.rodata*)
 *fill*         0x000000000800ddd9        0x3 
 .rodata.RC_attributes
                0x000000000800dddc       0x24 Core/Src/main.o
                0x000000000800dddc                RC_attributes
 .rodata.IMU_attributes
                0x000000000800de00       0x24 Core/Src/main.o
                0x000000000800de00                IMU_attributes
 .rodata.CyclicPitch_attributes
                0x000000000800de24       0x24 Core/Src/main.o
                0x000000000800de24                CyclicPitch_attributes
 .rodata.MainLoop_attributes
                0x000000000800de48       0x24 Core/Src/main.o
                0x000000000800de48                MainLoop_attributes
 .rodata.MAG_attributes
                0x000000000800de6c       0x24 Core/Src/main.o
                0x000000000800de6c                MAG_attributes
 .rodata.IMUQ_attributes
                0x000000000800de90       0x18 Core/Src/main.o
                0x000000000800de90                IMUQ_attributes
 .rodata.PWMQ_attributes
                0x000000000800dea8       0x18 Core/Src/main.o
                0x000000000800dea8                PWMQ_attributes
 .rodata.CMDQ_attributes
                0x000000000800dec0       0x18 Core/Src/main.o
                0x000000000800dec0                CMDQ_attributes
 .rodata.MAGQ_attributes
                0x000000000800ded8       0x18 Core/Src/main.o
                0x000000000800ded8                MAGQ_attributes
 .rodata.AHBPrescTable
                0x000000000800def0       0x10 Core/Src/system_stm32g4xx.o
                0x000000000800def0                AHBPrescTable
 .rodata.APBPrescTable
                0x000000000800df00        0x8 Core/Src/system_stm32g4xx.o
                0x000000000800df00                APBPrescTable
 .rodata.UARTPrescTable
                0x000000000800df08       0x18 Drivers/STM32G4xx_HAL_Driver/Src/stm32g4xx_hal_uart.o
                0x000000000800df08                UARTPrescTable
 .rodata.numerator.9052
                0x000000000800df20        0x8 Drivers/STM32G4xx_HAL_Driver/Src/stm32g4xx_hal_uart_ex.o
 .rodata.denominator.9053
                0x000000000800df28        0x8 Drivers/STM32G4xx_HAL_Driver/Src/stm32g4xx_hal_uart_ex.o
 .rodata.acos.str1.1
                0x000000000800df30        0x1 c:/st/stm32cubeide_1.6.0/stm32cubeide/plugins/com.st.stm32cube.ide.mcu.externaltools.gnu-tools-for-stm32.9-2020-q2-update.win32_1.5.0.202011040924/tools/bin/../lib/gcc/arm-none-eabi/9.3.1/../../../../arm-none-eabi/lib/thumb/v7e-m+fp/hard\libm.a(lib_a-w_acos.o)
 .rodata.__ieee754_pow.str1.1
                0x000000000800df31        0x1 c:/st/stm32cubeide_1.6.0/stm32cubeide/plugins/com.st.stm32cube.ide.mcu.externaltools.gnu-tools-for-stm32.9-2020-q2-update.win32_1.5.0.202011040924/tools/bin/../lib/gcc/arm-none-eabi/9.3.1/../../../../arm-none-eabi/lib/thumb/v7e-m+fp/hard\libm.a(lib_a-e_pow.o)
 *fill*         0x000000000800df31        0x7 
 .rodata.bp     0x000000000800df38       0x10 c:/st/stm32cubeide_1.6.0/stm32cubeide/plugins/com.st.stm32cube.ide.mcu.externaltools.gnu-tools-for-stm32.9-2020-q2-update.win32_1.5.0.202011040924/tools/bin/../lib/gcc/arm-none-eabi/9.3.1/../../../../arm-none-eabi/lib/thumb/v7e-m+fp/hard\libm.a(lib_a-e_pow.o)
 .rodata.dp_h   0x000000000800df48       0x10 c:/st/stm32cubeide_1.6.0/stm32cubeide/plugins/com.st.stm32cube.ide.mcu.externaltools.gnu-tools-for-stm32.9-2020-q2-update.win32_1.5.0.202011040924/tools/bin/../lib/gcc/arm-none-eabi/9.3.1/../../../../arm-none-eabi/lib/thumb/v7e-m+fp/hard\libm.a(lib_a-e_pow.o)
 .rodata.dp_l   0x000000000800df58       0x10 c:/st/stm32cubeide_1.6.0/stm32cubeide/plugins/com.st.stm32cube.ide.mcu.externaltools.gnu-tools-for-stm32.9-2020-q2-update.win32_1.5.0.202011040924/tools/bin/../lib/gcc/arm-none-eabi/9.3.1/../../../../arm-none-eabi/lib/thumb/v7e-m+fp/hard\libm.a(lib_a-e_pow.o)
 .rodata.npio2_hw
                0x000000000800df68       0x80 c:/st/stm32cubeide_1.6.0/stm32cubeide/plugins/com.st.stm32cube.ide.mcu.externaltools.gnu-tools-for-stm32.9-2020-q2-update.win32_1.5.0.202011040924/tools/bin/../lib/gcc/arm-none-eabi/9.3.1/../../../../arm-none-eabi/lib/thumb/v7e-m+fp/hard\libm.a(lib_a-e_rem_pio2.o)
 .rodata.two_over_pi
                0x000000000800dfe8      0x108 c:/st/stm32cubeide_1.6.0/stm32cubeide/plugins/com.st.stm32cube.ide.mcu.externaltools.gnu-tools-for-stm32.9-2020-q2-update.win32_1.5.0.202011040924/tools/bin/../lib/gcc/arm-none-eabi/9.3.1/../../../../arm-none-eabi/lib/thumb/v7e-m+fp/hard\libm.a(lib_a-e_rem_pio2.o)
 .rodata.PIo2   0x000000000800e0f0       0x40 c:/st/stm32cubeide_1.6.0/stm32cubeide/plugins/com.st.stm32cube.ide.mcu.externaltools.gnu-tools-for-stm32.9-2020-q2-update.win32_1.5.0.202011040924/tools/bin/../lib/gcc/arm-none-eabi/9.3.1/../../../../arm-none-eabi/lib/thumb/v7e-m+fp/hard\libm.a(lib_a-k_rem_pio2.o)
 .rodata.init_jk
                0x000000000800e130       0x10 c:/st/stm32cubeide_1.6.0/stm32cubeide/plugins/com.st.stm32cube.ide.mcu.externaltools.gnu-tools-for-stm32.9-2020-q2-update.win32_1.5.0.202011040924/tools/bin/../lib/gcc/arm-none-eabi/9.3.1/../../../../arm-none-eabi/lib/thumb/v7e-m+fp/hard\libm.a(lib_a-k_rem_pio2.o)
 .rodata.TWO52  0x000000000800e140       0x10 c:/st/stm32cubeide_1.6.0/stm32cubeide/plugins/com.st.stm32cube.ide.mcu.externaltools.gnu-tools-for-stm32.9-2020-q2-update.win32_1.5.0.202011040924/tools/bin/../lib/gcc/arm-none-eabi/9.3.1/../../../../arm-none-eabi/lib/thumb/v7e-m+fp/hard\libm.a(lib_a-s_rint.o)
                0x000000000800e150                . = ALIGN (0x4)

.ARM.extab      0x000000000800e150        0x0
                0x000000000800e150                . = ALIGN (0x4)
 *(.ARM.extab* .gnu.linkonce.armextab.*)
                0x000000000800e150                . = ALIGN (0x4)

.ARM            0x000000000800e150        0x8
                0x000000000800e150                . = ALIGN (0x4)
                0x000000000800e150                __exidx_start = .
 *(.ARM.exidx*)
 .ARM.exidx     0x000000000800e150        0x8 c:/st/stm32cubeide_1.6.0/stm32cubeide/plugins/com.st.stm32cube.ide.mcu.externaltools.gnu-tools-for-stm32.9-2020-q2-update.win32_1.5.0.202011040924/tools/bin/../lib/gcc/arm-none-eabi/9.3.1/thumb/v7e-m+fp/hard\libgcc.a(_udivmoddi4.o)
                0x000000000800e158                __exidx_end = .
                0x000000000800e158                . = ALIGN (0x4)

.rel.dyn        0x000000000800e158        0x0
 .rel.iplt      0x000000000800e158        0x0 c:/st/stm32cubeide_1.6.0/stm32cubeide/plugins/com.st.stm32cube.ide.mcu.externaltools.gnu-tools-for-stm32.9-2020-q2-update.win32_1.5.0.202011040924/tools/bin/../lib/gcc/arm-none-eabi/9.3.1/thumb/v7e-m+fp/hard/crtbegin.o

.preinit_array  0x000000000800e158        0x0
                0x000000000800e158                . = ALIGN (0x4)
                0x000000000800e158                PROVIDE (__preinit_array_start = .)
 *(.preinit_array*)
                0x000000000800e158                PROVIDE (__preinit_array_end = .)
                0x000000000800e158                . = ALIGN (0x4)

.init_array     0x000000000800e158        0x4
                0x000000000800e158                . = ALIGN (0x4)
                0x000000000800e158                PROVIDE (__init_array_start = .)
 *(SORT_BY_NAME(.init_array.*))
 *(.init_array*)
 .init_array    0x000000000800e158        0x4 c:/st/stm32cubeide_1.6.0/stm32cubeide/plugins/com.st.stm32cube.ide.mcu.externaltools.gnu-tools-for-stm32.9-2020-q2-update.win32_1.5.0.202011040924/tools/bin/../lib/gcc/arm-none-eabi/9.3.1/thumb/v7e-m+fp/hard/crtbegin.o
                0x000000000800e15c                PROVIDE (__init_array_end = .)
                0x000000000800e15c                . = ALIGN (0x4)

.fini_array     0x000000000800e15c        0x4
                0x000000000800e15c                . = ALIGN (0x4)
                [!provide]                        PROVIDE (__fini_array_start = .)
 *(SORT_BY_NAME(.fini_array.*))
 *(.fini_array*)
 .fini_array    0x000000000800e15c        0x4 c:/st/stm32cubeide_1.6.0/stm32cubeide/plugins/com.st.stm32cube.ide.mcu.externaltools.gnu-tools-for-stm32.9-2020-q2-update.win32_1.5.0.202011040924/tools/bin/../lib/gcc/arm-none-eabi/9.3.1/thumb/v7e-m+fp/hard/crtbegin.o
                [!provide]                        PROVIDE (__fini_array_end = .)
                0x000000000800e160                . = ALIGN (0x4)
                0x000000000800e160                _sidata = LOADADDR (.data)

.data           0x0000000020000000       0x78 load address 0x000000000800e160
                0x0000000020000000                . = ALIGN (0x4)
                0x0000000020000000                _sdata = .
 *(.data)
 *(.data*)
 .data.SystemCoreClock
                0x0000000020000000        0x4 Core/Src/system_stm32g4xx.o
                0x0000000020000000                SystemCoreClock
 .data.uwTickPrio
                0x0000000020000004        0x4 Drivers/STM32G4xx_HAL_Driver/Src/stm32g4xx_hal.o
                0x0000000020000004                uwTickPrio
 .data.uwTickFreq
                0x0000000020000008        0x4 Drivers/STM32G4xx_HAL_Driver/Src/stm32g4xx_hal.o
                0x0000000020000008                uwTickFreq
 .data.uxCriticalNesting
                0x000000002000000c        0x4 Middlewares/Third_Party/FreeRTOS/Source/portable/GCC/ARM_CM4F/port.o
 .data._impure_ptr
                0x0000000020000010        0x4 c:/st/stm32cubeide_1.6.0/stm32cubeide/plugins/com.st.stm32cube.ide.mcu.externaltools.gnu-tools-for-stm32.9-2020-q2-update.win32_1.5.0.202011040924/tools/bin/../lib/gcc/arm-none-eabi/9.3.1/../../../../arm-none-eabi/lib/thumb/v7e-m+fp/hard\libc_nano.a(lib_a-impure.o)
                0x0000000020000010                _impure_ptr
 .data.impure_data
                0x0000000020000014       0x60 c:/st/stm32cubeide_1.6.0/stm32cubeide/plugins/com.st.stm32cube.ide.mcu.externaltools.gnu-tools-for-stm32.9-2020-q2-update.win32_1.5.0.202011040924/tools/bin/../lib/gcc/arm-none-eabi/9.3.1/../../../../arm-none-eabi/lib/thumb/v7e-m+fp/hard\libc_nano.a(lib_a-impure.o)
 .data.__fdlib_version
                0x0000000020000074        0x1 c:/st/stm32cubeide_1.6.0/stm32cubeide/plugins/com.st.stm32cube.ide.mcu.externaltools.gnu-tools-for-stm32.9-2020-q2-update.win32_1.5.0.202011040924/tools/bin/../lib/gcc/arm-none-eabi/9.3.1/../../../../arm-none-eabi/lib/thumb/v7e-m+fp/hard\libm.a(lib_a-s_lib_ver.o)
                0x0000000020000074                __fdlib_version
 *(.RamFunc)
 *(.RamFunc*)
                0x0000000020000078                . = ALIGN (0x4)
 *fill*         0x0000000020000075        0x3 
                0x0000000020000078                _edata = .

.igot.plt       0x0000000020000078        0x0 load address 0x000000000800e1d8
 .igot.plt      0x0000000020000078        0x0 c:/st/stm32cubeide_1.6.0/stm32cubeide/plugins/com.st.stm32cube.ide.mcu.externaltools.gnu-tools-for-stm32.9-2020-q2-update.win32_1.5.0.202011040924/tools/bin/../lib/gcc/arm-none-eabi/9.3.1/thumb/v7e-m+fp/hard/crtbegin.o
                0x0000000020000078                . = ALIGN (0x4)

.bss            0x0000000020000078     0x4350 load address 0x000000000800e1d8
                0x0000000020000078                _sbss = .
                0x0000000020000078                __bss_start__ = _sbss
 *(.bss)
 .bss           0x0000000020000078       0x1c c:/st/stm32cubeide_1.6.0/stm32cubeide/plugins/com.st.stm32cube.ide.mcu.externaltools.gnu-tools-for-stm32.9-2020-q2-update.win32_1.5.0.202011040924/tools/bin/../lib/gcc/arm-none-eabi/9.3.1/thumb/v7e-m+fp/hard/crtbegin.o
 *(.bss*)
 .bss.imu       0x0000000020000094       0x18 Core/Src/main.o
                0x0000000020000094                imu
 .bss.mag       0x00000000200000ac       0x28 Core/Src/main.o
                0x00000000200000ac                mag
 .bss.pqr_cmd   0x00000000200000d4       0x18 Core/Src/main.o
                0x00000000200000d4                pqr_cmd
 .bss.pid_cmd   0x00000000200000ec       0x18 Core/Src/main.o
                0x00000000200000ec                pid_cmd
 .bss.pwm_cmd   0x0000000020000104        0xc Core/Src/main.o
                0x0000000020000104                pwm_cmd
 .bss.KernelState
                0x0000000020000110        0x4 Middlewares/Third_Party/FreeRTOS/Source/CMSIS_RTOS_V2/cmsis_os2.o
 .bss.Idle_TCB.10878
                0x0000000020000114       0x5c Middlewares/Third_Party/FreeRTOS/Source/CMSIS_RTOS_V2/cmsis_os2.o
 .bss.Idle_Stack.10879
                0x0000000020000170      0x200 Middlewares/Third_Party/FreeRTOS/Source/CMSIS_RTOS_V2/cmsis_os2.o
 .bss.Timer_TCB.10885
                0x0000000020000370       0x5c Middlewares/Third_Party/FreeRTOS/Source/CMSIS_RTOS_V2/cmsis_os2.o
 .bss.Timer_Stack.10886
                0x00000000200003cc      0x400 Middlewares/Third_Party/FreeRTOS/Source/CMSIS_RTOS_V2/cmsis_os2.o
 .bss.pxCurrentTCB
                0x00000000200007cc        0x4 Middlewares/Third_Party/FreeRTOS/Source/tasks.o
                0x00000000200007cc                pxCurrentTCB
 .bss.pxReadyTasksLists
                0x00000000200007d0      0x460 Middlewares/Third_Party/FreeRTOS/Source/tasks.o
 .bss.xDelayedTaskList1
                0x0000000020000c30       0x14 Middlewares/Third_Party/FreeRTOS/Source/tasks.o
 .bss.xDelayedTaskList2
                0x0000000020000c44       0x14 Middlewares/Third_Party/FreeRTOS/Source/tasks.o
 .bss.pxDelayedTaskList
                0x0000000020000c58        0x4 Middlewares/Third_Party/FreeRTOS/Source/tasks.o
 .bss.pxOverflowDelayedTaskList
                0x0000000020000c5c        0x4 Middlewares/Third_Party/FreeRTOS/Source/tasks.o
 .bss.xPendingReadyList
                0x0000000020000c60       0x14 Middlewares/Third_Party/FreeRTOS/Source/tasks.o
 .bss.xTasksWaitingTermination
                0x0000000020000c74       0x14 Middlewares/Third_Party/FreeRTOS/Source/tasks.o
 .bss.uxDeletedTasksWaitingCleanUp
                0x0000000020000c88        0x4 Middlewares/Third_Party/FreeRTOS/Source/tasks.o
 .bss.xSuspendedTaskList
                0x0000000020000c8c       0x14 Middlewares/Third_Party/FreeRTOS/Source/tasks.o
 .bss.uxCurrentNumberOfTasks
                0x0000000020000ca0        0x4 Middlewares/Third_Party/FreeRTOS/Source/tasks.o
 .bss.xTickCount
                0x0000000020000ca4        0x4 Middlewares/Third_Party/FreeRTOS/Source/tasks.o
 .bss.uxTopReadyPriority
                0x0000000020000ca8        0x4 Middlewares/Third_Party/FreeRTOS/Source/tasks.o
 .bss.xSchedulerRunning
                0x0000000020000cac        0x4 Middlewares/Third_Party/FreeRTOS/Source/tasks.o
 .bss.xPendedTicks
                0x0000000020000cb0        0x4 Middlewares/Third_Party/FreeRTOS/Source/tasks.o
 .bss.xYieldPending
                0x0000000020000cb4        0x4 Middlewares/Third_Party/FreeRTOS/Source/tasks.o
 .bss.xNumOfOverflows
                0x0000000020000cb8        0x4 Middlewares/Third_Party/FreeRTOS/Source/tasks.o
 .bss.uxTaskNumber
                0x0000000020000cbc        0x4 Middlewares/Third_Party/FreeRTOS/Source/tasks.o
 .bss.xNextTaskUnblockTime
                0x0000000020000cc0        0x4 Middlewares/Third_Party/FreeRTOS/Source/tasks.o
 .bss.xIdleTaskHandle
                0x0000000020000cc4        0x4 Middlewares/Third_Party/FreeRTOS/Source/tasks.o
 .bss.uxSchedulerSuspended
                0x0000000020000cc8        0x4 Middlewares/Third_Party/FreeRTOS/Source/tasks.o
 .bss.xActiveTimerList1
                0x0000000020000ccc       0x14 Middlewares/Third_Party/FreeRTOS/Source/timers.o
 .bss.xActiveTimerList2
                0x0000000020000ce0       0x14 Middlewares/Third_Party/FreeRTOS/Source/timers.o
 .bss.pxCurrentTimerList
                0x0000000020000cf4        0x4 Middlewares/Third_Party/FreeRTOS/Source/timers.o
 .bss.pxOverflowTimerList
                0x0000000020000cf8        0x4 Middlewares/Third_Party/FreeRTOS/Source/timers.o
 .bss.xTimerQueue
                0x0000000020000cfc        0x4 Middlewares/Third_Party/FreeRTOS/Source/timers.o
 .bss.xTimerTaskHandle
                0x0000000020000d00        0x4 Middlewares/Third_Party/FreeRTOS/Source/timers.o
 .bss.xLastTime.6925
                0x0000000020000d04        0x4 Middlewares/Third_Party/FreeRTOS/Source/timers.o
 .bss.ucStaticTimerQueueStorage.6976
                0x0000000020000d08       0xa0 Middlewares/Third_Party/FreeRTOS/Source/timers.o
 .bss.xStaticTimerQueue.6975
                0x0000000020000da8       0x50 Middlewares/Third_Party/FreeRTOS/Source/timers.o
 .bss.ucMaxSysCallPriority
                0x0000000020000df8        0x1 Middlewares/Third_Party/FreeRTOS/Source/portable/GCC/ARM_CM4F/port.o
 *fill*         0x0000000020000df9        0x3 
 .bss.ulMaxPRIGROUPValue
                0x0000000020000dfc        0x4 Middlewares/Third_Party/FreeRTOS/Source/portable/GCC/ARM_CM4F/port.o
 .bss.ucHeap    0x0000000020000e00      0xc00 Middlewares/Third_Party/FreeRTOS/Source/portable/MemMang/heap_4.o
 .bss.xStart    0x0000000020001a00        0x8 Middlewares/Third_Party/FreeRTOS/Source/portable/MemMang/heap_4.o
 .bss.pxEnd     0x0000000020001a08        0x4 Middlewares/Third_Party/FreeRTOS/Source/portable/MemMang/heap_4.o
 .bss.xFreeBytesRemaining
                0x0000000020001a0c        0x4 Middlewares/Third_Party/FreeRTOS/Source/portable/MemMang/heap_4.o
 .bss.xMinimumEverFreeBytesRemaining
                0x0000000020001a10        0x4 Middlewares/Third_Party/FreeRTOS/Source/portable/MemMang/heap_4.o
 .bss.xNumberOfSuccessfulAllocations
                0x0000000020001a14        0x4 Middlewares/Third_Party/FreeRTOS/Source/portable/MemMang/heap_4.o
 .bss.xNumberOfSuccessfulFrees
                0x0000000020001a18        0x4 Middlewares/Third_Party/FreeRTOS/Source/portable/MemMang/heap_4.o
 .bss.xBlockAllocatedBit
                0x0000000020001a1c        0x4 Middlewares/Third_Party/FreeRTOS/Source/portable/MemMang/heap_4.o
 *(COMMON)
 COMMON         0x0000000020001a20     0x1880 Core/Src/Controller/AttitudeController.o
                0x0000000020001a20                rc
                0x0000000020001a70                rc_byte_data
                0x0000000020001a80                SPI_chip_list
                0x0000000020002680                wt931_chip_num
                0x0000000020002684                i2c_chip_list
                0x0000000020002e84                as5147_chip_num
                0x0000000020002e88                amplitude_gain
                0x0000000020002e8c                channel_list
                0x000000002000328c                sens_time
                0x0000000020003290                sens_start
                0x0000000020003294                cyclic_shift_gain
                0x0000000020003298                exang_start
                0x000000002000329c                exang_time
 COMMON         0x00000000200032a0       0x80 Core/Src/Controller/PID.o
                0x00000000200032a0                loop_time
                0x00000000200032a4                R_err
                0x00000000200032b0                theta_gain
                0x00000000200032bc                P_err
                0x00000000200032c8                pi_err
                0x00000000200032d4                start_time
                0x00000000200032d8                R_gain
                0x00000000200032e4                Q_gain
                0x00000000200032f0                Q_err
                0x00000000200032fc                pi_gain
                0x0000000020003308                P_gain
                0x0000000020003314                theta_err
 COMMON         0x0000000020003320     0x1018 Core/Src/main.o
                0x0000000020003320                CMDQBuffer
                0x0000000020003338                CyclicPitchBuffer
                0x0000000020003538                IMUQBuffer
                0x0000000020003550                CMDQControlBlock
                0x00000000200035a0                MainLoopControlBlock
                0x00000000200035fc                hi2c1
                0x0000000020003648                MainLoopBuffer
                0x0000000020003848                RCHandle
                0x000000002000384c                MAGQControlBlock
                0x000000002000389c                CyclicPitchControlBlock
                0x00000000200038f8                IMUControlBlock
                0x0000000020003954                PWMQHandle
                0x0000000020003958                cyclic_control
                0x0000000020003960                PWMQBuffer
                0x000000002000396c                MAGQHandle
                0x0000000020003970                hdma_usart1_rx
                0x00000000200039d0                CMDQHandle
                0x00000000200039d4                IMUHandle
                0x00000000200039d8                PWMQControlBlock
                0x0000000020003a28                MainLoopHandle
                0x0000000020003a2c                huart1
                0x0000000020003abc                IMUQHandle
                0x0000000020003ac0                MAGHandle
                0x0000000020003ac4                RCBuffer
                0x0000000020003cc4                MAGQBuffer
                0x0000000020003cec                htim1
                0x0000000020003d38                RCControlBlock
                0x0000000020003d94                MAGBuffer
                0x0000000020003f94                hspi1
                0x0000000020003ff8                IMUBuffer
                0x00000000200041f8                huart2
                0x0000000020004288                IMUQControlBlock
                0x00000000200042d8                CyclicPitchHandle
                0x00000000200042dc                MAGControlBlock
 COMMON         0x0000000020004338       0x4c Core/Src/stm32g4xx_hal_timebase_tim.o
                0x0000000020004338                htim2
 COMMON         0x0000000020004384        0x4 Drivers/STM32G4xx_HAL_Driver/Src/stm32g4xx_hal.o
                0x0000000020004384                uwTick
 COMMON         0x0000000020004388       0x40 Middlewares/Third_Party/FreeRTOS/Source/queue.o
                0x0000000020004388                xQueueRegistry
                0x00000000200043c8                . = ALIGN (0x4)
                0x00000000200043c8                _ebss = .
                0x00000000200043c8                __bss_end__ = _ebss

._user_heap_stack
                0x00000000200043c8      0x600 load address 0x000000000800e1d8
                0x00000000200043c8                . = ALIGN (0x8)
                [!provide]                        PROVIDE (end = .)
                0x00000000200043c8                PROVIDE (_end = .)
                0x00000000200045c8                . = (. + _Min_Heap_Size)
 *fill*         0x00000000200043c8      0x200 
                0x00000000200049c8                . = (. + _Min_Stack_Size)
 *fill*         0x00000000200045c8      0x400 
                0x00000000200049c8                . = ALIGN (0x8)

/DISCARD/
 libc.a(*)
 libm.a(*)
 libgcc.a(*)

.ARM.attributes
                0x0000000000000000       0x30
 *(.ARM.attributes)
 .ARM.attributes
                0x0000000000000000       0x1e c:/st/stm32cubeide_1.6.0/stm32cubeide/plugins/com.st.stm32cube.ide.mcu.externaltools.gnu-tools-for-stm32.9-2020-q2-update.win32_1.5.0.202011040924/tools/bin/../lib/gcc/arm-none-eabi/9.3.1/thumb/v7e-m+fp/hard/crti.o
 .ARM.attributes
                0x000000000000001e       0x34 c:/st/stm32cubeide_1.6.0/stm32cubeide/plugins/com.st.stm32cube.ide.mcu.externaltools.gnu-tools-for-stm32.9-2020-q2-update.win32_1.5.0.202011040924/tools/bin/../lib/gcc/arm-none-eabi/9.3.1/thumb/v7e-m+fp/hard/crtbegin.o
 .ARM.attributes
                0x0000000000000052       0x34 Core/Src/Controller/AttitudeController.o
 .ARM.attributes
                0x0000000000000086       0x34 Core/Src/Controller/CyclicPitchController.o
 .ARM.attributes
                0x00000000000000ba       0x34 Core/Src/Controller/PID.o
 .ARM.attributes
                0x00000000000000ee       0x34 Core/Src/Math/novus_math.o
 .ARM.attributes
                0x0000000000000122       0x34 Core/Src/RC/spektrum.o
 .ARM.attributes
                0x0000000000000156       0x34 Core/Src/Sensor/WT931.o
 .ARM.attributes
                0x000000000000018a       0x34 Core/Src/Sensor/as5147.o
 .ARM.attributes
                0x00000000000001be       0x34 Core/Src/Serial/i2c.o
 .ARM.attributes
                0x00000000000001f2       0x34 Core/Src/Serial/spi.o
 .ARM.attributes
                0x0000000000000226       0x34 Core/Src/main.o
 .ARM.attributes
                0x000000000000025a       0x34 Core/Src/stm32g4xx_hal_msp.o
 .ARM.attributes
                0x000000000000028e       0x34 Core/Src/stm32g4xx_hal_timebase_tim.o