main.c:226:5:main	8	static
main.c:354:6:SystemClock_Config	88	static
main.c:399:13:MX_I2C1_Init	8	static
main.c:445:13:MX_SPI1_Init	8	static
main.c:485:13:MX_TIM1_Init	120	static
main.c:571:13:MX_TIM3_Init	40	static
main.c:617:13:MX_TIM4_Init	40	static
main.c:663:13:MX_USART1_UART_Init	8	static
main.c:713:13:MX_USART2_UART_Init	8	static
main.c:759:13:MX_DMA_Init	16	static
main.c:778:13:MX_GPIO_Init	40	static
main.c:810:6:HAL_UART_RxCpltCallback	16	static
main.c:818:6:RC_check	16	static
main.c:830:6:IMU_check	40	static
main.c:842:6:MAG_check	56	static
main.c:865:6:PWM_check	4	static
main.c:879:6:StartRadioCommand	104	static
main.c:925:6:StartReadIMU	72	static
main.c:951:6:StartReadMAG	56	static
main.c:985:6:StartAttitudeControl	176	static
main.c:1063:6:StartCyclicPitchControl	152	static
main.c:1094:6:StartMotorOutput	24	static
main.c:1126:6:HAL_TIM_PeriodElapsedCallback	16	static
main.c:1155:6:Error_Handler	4	static,ignoring_inline_asm
