main.c:139:5:main	8	static
main.c:240:6:SystemClock_Config	152	static
main.c:295:13:MX_SPI3_Init	8	static
main.c:335:13:MX_TIM1_Init	120	static
main.c:417:13:MX_USART1_UART_Init	8	static
main.c:465:13:MX_USART2_UART_Init	8	static
main.c:511:13:MX_DMA_Init	16	static
main.c:530:13:MX_GPIO_Init	40	static
main.c:552:6:HAL_UART_RxCpltCallback	16	static
main.c:568:6:StartControllerTask	80	static
main.c:594:6:StartEncoderTask	32	static
main.c:616:6:StartparamReceiver	40	static
main.c:647:6:tmtcTimerCallback	64	static
main.c:675:6:HAL_TIM_PeriodElapsedCallback	16	static
main.c:692:6:Error_Handler	4	static,ignoring_inline_asm
