main.c:126:5:main	8	static
main.c:224:6:SystemClock_Config	152	static
main.c:279:13:MX_SPI3_Init	8	static
main.c:319:13:MX_TIM1_Init	120	static
main.c:401:13:MX_USART1_UART_Init	8	static
main.c:449:13:MX_USART2_UART_Init	8	static
main.c:495:13:MX_DMA_Init	16	static
main.c:514:13:MX_GPIO_Init	40	static
main.c:536:6:HAL_UART_RxCpltCallback	16	static
main.c:552:6:StartControllerTask	80	static
main.c:578:6:StartEncoderTask	32	static
main.c:594:6:tmtcTimerCallback	64	static
main.c:622:6:HAL_TIM_PeriodElapsedCallback	16	static
main.c:639:6:Error_Handler	4	static,ignoring_inline_asm
